Archive member included to satisfy reference by file (symbol)

d:/toolchain_supports/arm-gnu-toolchain-12.2.mpacbti-rel1-mingw-w64-i686-arm-none-eabi/bin/../lib/gcc/arm-none-eabi/12.2.1/thumb/v7-m/nofp\libgcc.a(_arm_muldf3.o)
                              CMakeFiles/ADC_DMA.elf.dir/Core/Src/main.c.obj (__aeabi_dmul)
d:/toolchain_supports/arm-gnu-toolchain-12.2.mpacbti-rel1-mingw-w64-i686-arm-none-eabi/bin/../lib/gcc/arm-none-eabi/12.2.1/thumb/v7-m/nofp\libgcc.a(_arm_addsubdf3.o)
                              CMakeFiles/ADC_DMA.elf.dir/Core/Src/main.c.obj (__aeabi_i2d)
d:/toolchain_supports/arm-gnu-toolchain-12.2.mpacbti-rel1-mingw-w64-i686-arm-none-eabi/bin/../lib/gcc/arm-none-eabi/12.2.1/thumb/v7-m/nofp\libgcc.a(_arm_truncdfsf2.o)
                              CMakeFiles/ADC_DMA.elf.dir/Core/Src/main.c.obj (__aeabi_d2f)
d:/toolchain_supports/arm-gnu-toolchain-12.2.mpacbti-rel1-mingw-w64-i686-arm-none-eabi/bin/../lib/gcc/arm-none-eabi/12.2.1/thumb/v7-m/nofp\libgcc.a(_arm_addsubsf3.o)
                              CMakeFiles/ADC_DMA.elf.dir/Core/Src/main.c.obj (__aeabi_ui2f)
d:/toolchain_supports/arm-gnu-toolchain-12.2.mpacbti-rel1-mingw-w64-i686-arm-none-eabi/bin/../lib/gcc/arm-none-eabi/12.2.1/thumb/v7-m/nofp\libgcc.a(_arm_cmpsf2.o)
                              CMakeFiles/ADC_DMA.elf.dir/Core/Src/main.c.obj (__aeabi_fcmplt)
d:/toolchain_supports/arm-gnu-toolchain-12.2.mpacbti-rel1-mingw-w64-i686-arm-none-eabi/bin/../lib/gcc/arm-none-eabi/12.2.1/thumb/v7-m/nofp\libg.a(libc_a-exit.o)
                              d:/toolchain_supports/arm-gnu-toolchain-12.2.mpacbti-rel1-mingw-w64-i686-arm-none-eabi/bin/../lib/gcc/arm-none-eabi/12.2.1/thumb/v7-m/nofp/crt0.o (exit)
d:/toolchain_supports/arm-gnu-toolchain-12.2.mpacbti-rel1-mingw-w64-i686-arm-none-eabi/bin/../lib/gcc/arm-none-eabi/12.2.1/thumb/v7-m/nofp\libg.a(libc_a-findfp.o)
                              d:/toolchain_supports/arm-gnu-toolchain-12.2.mpacbti-rel1-mingw-w64-i686-arm-none-eabi/bin/../lib/gcc/arm-none-eabi/12.2.1/thumb/v7-m/nofp\libg.a(libc_a-exit.o) (__stdio_exit_handler)
d:/toolchain_supports/arm-gnu-toolchain-12.2.mpacbti-rel1-mingw-w64-i686-arm-none-eabi/bin/../lib/gcc/arm-none-eabi/12.2.1/thumb/v7-m/nofp\libg.a(libc_a-fwalk.o)
                              d:/toolchain_supports/arm-gnu-toolchain-12.2.mpacbti-rel1-mingw-w64-i686-arm-none-eabi/bin/../lib/gcc/arm-none-eabi/12.2.1/thumb/v7-m/nofp\libg.a(libc_a-findfp.o) (_fwalk_sglue)
d:/toolchain_supports/arm-gnu-toolchain-12.2.mpacbti-rel1-mingw-w64-i686-arm-none-eabi/bin/../lib/gcc/arm-none-eabi/12.2.1/thumb/v7-m/nofp\libg.a(libc_a-printf.o)
                              CMakeFiles/ADC_DMA.elf.dir/Core/Src/main.c.obj (printf)
d:/toolchain_supports/arm-gnu-toolchain-12.2.mpacbti-rel1-mingw-w64-i686-arm-none-eabi/bin/../lib/gcc/arm-none-eabi/12.2.1/thumb/v7-m/nofp\libg.a(libc_a-stdio.o)
                              d:/toolchain_supports/arm-gnu-toolchain-12.2.mpacbti-rel1-mingw-w64-i686-arm-none-eabi/bin/../lib/gcc/arm-none-eabi/12.2.1/thumb/v7-m/nofp\libg.a(libc_a-findfp.o) (__sread)
d:/toolchain_supports/arm-gnu-toolchain-12.2.mpacbti-rel1-mingw-w64-i686-arm-none-eabi/bin/../lib/gcc/arm-none-eabi/12.2.1/thumb/v7-m/nofp\libg.a(libc_a-memset.o)
                              d:/toolchain_supports/arm-gnu-toolchain-12.2.mpacbti-rel1-mingw-w64-i686-arm-none-eabi/bin/../lib/gcc/arm-none-eabi/12.2.1/thumb/v7-m/nofp/crt0.o (memset)
d:/toolchain_supports/arm-gnu-toolchain-12.2.mpacbti-rel1-mingw-w64-i686-arm-none-eabi/bin/../lib/gcc/arm-none-eabi/12.2.1/thumb/v7-m/nofp\libg.a(libc_a-closer.o)
                              d:/toolchain_supports/arm-gnu-toolchain-12.2.mpacbti-rel1-mingw-w64-i686-arm-none-eabi/bin/../lib/gcc/arm-none-eabi/12.2.1/thumb/v7-m/nofp\libg.a(libc_a-stdio.o) (_close_r)
d:/toolchain_supports/arm-gnu-toolchain-12.2.mpacbti-rel1-mingw-w64-i686-arm-none-eabi/bin/../lib/gcc/arm-none-eabi/12.2.1/thumb/v7-m/nofp\libg.a(libc_a-reent.o)
                              d:/toolchain_supports/arm-gnu-toolchain-12.2.mpacbti-rel1-mingw-w64-i686-arm-none-eabi/bin/../lib/gcc/arm-none-eabi/12.2.1/thumb/v7-m/nofp\libg.a(libc_a-closer.o) (errno)
d:/toolchain_supports/arm-gnu-toolchain-12.2.mpacbti-rel1-mingw-w64-i686-arm-none-eabi/bin/../lib/gcc/arm-none-eabi/12.2.1/thumb/v7-m/nofp\libg.a(libc_a-impure.o)
                              d:/toolchain_supports/arm-gnu-toolchain-12.2.mpacbti-rel1-mingw-w64-i686-arm-none-eabi/bin/../lib/gcc/arm-none-eabi/12.2.1/thumb/v7-m/nofp\libg.a(libc_a-printf.o) (_impure_ptr)
d:/toolchain_supports/arm-gnu-toolchain-12.2.mpacbti-rel1-mingw-w64-i686-arm-none-eabi/bin/../lib/gcc/arm-none-eabi/12.2.1/thumb/v7-m/nofp\libg.a(libc_a-lseekr.o)
                              d:/toolchain_supports/arm-gnu-toolchain-12.2.mpacbti-rel1-mingw-w64-i686-arm-none-eabi/bin/../lib/gcc/arm-none-eabi/12.2.1/thumb/v7-m/nofp\libg.a(libc_a-stdio.o) (_lseek_r)
[...]
Memory Configuration

Name             Origin             Length             Attributes
RAM              0x20000000         0x00005000         xrw
FLASH            0x08000000         0x00010000         xr
*default*        0x00000000         0xffffffff

Linker script and memory map

LOAD d:/toolchain_supports/arm-gnu-toolchain-12.2.mpacbti-rel1-mingw-w64-i686-arm-none-eabi/bin/../lib/gcc/arm-none-eabi/12.2.1/thumb/v7-m/nofp/crti.o
LOAD d:/toolchain_supports/arm-gnu-toolchain-12.2.mpacbti-rel1-mingw-w64-i686-arm-none-eabi/bin/../lib/gcc/arm-none-eabi/12.2.1/thumb/v7-m/nofp/crtbegin.o
LOAD d:/toolchain_supports/arm-gnu-toolchain-12.2.mpacbti-rel1-mingw-w64-i686-arm-none-eabi/bin/../lib/gcc/arm-none-eabi/12.2.1/thumb/v7-m/nofp/crt0.o
LOAD CMakeFiles/ADC_DMA.elf.dir/Core/Src/adc.c.obj
LOAD CMakeFiles/ADC_DMA.elf.dir/Core/Src/dma.c.obj
LOAD CMakeFiles/ADC_DMA.elf.dir/Core/Src/gpio.c.obj
LOAD CMakeFiles/ADC_DMA.elf.dir/Core/Src/main.c.obj
LOAD CMakeFiles/ADC_DMA.elf.dir/Core/Src/stm32f1xx_hal_msp.c.obj
LOAD CMakeFiles/ADC_DMA.elf.dir/Core/Src/stm32f1xx_it.c.obj
LOAD CMakeFiles/ADC_DMA.elf.dir/Core/Src/syscalls.c.obj
LOAD CMakeFiles/ADC_DMA.elf.dir/Core/Src/sysmem.c.obj
LOAD CMakeFiles/ADC_DMA.elf.dir/Core/Src/system_stm32f1xx.c.obj
LOAD CMakeFiles/ADC_DMA.elf.dir/Core/Src/tim.c.obj
LOAD CMakeFiles/ADC_DMA.elf.dir/Core/Src/usart.c.obj
LOAD CMakeFiles/ADC_DMA.elf.dir/Core/Startup/startup_stm32f103c8tx.s.obj
LOAD CMakeFiles/ADC_DMA.elf.dir/Drivers/STM32F1xx_HAL_Driver/Src/stm32f1xx_hal.c.obj
LOAD CMakeFiles/ADC_DMA.elf.dir/Drivers/STM32F1xx_HAL_Driver/Src/stm32f1xx_hal_adc.c.obj
LOAD CMakeFiles/ADC_DMA.elf.dir/Drivers/STM32F1xx_HAL_Driver/Src/stm32f1xx_hal_adc_ex.c.obj
LOAD CMakeFiles/ADC_DMA.elf.dir/Drivers/STM32F1xx_HAL_Driver/Src/stm32f1xx_hal_cortex.c.obj
LOAD CMakeFiles/ADC_DMA.elf.dir/Drivers/STM32F1xx_HAL_Driver/Src/stm32f1xx_hal_dma.c.obj
LOAD CMakeFiles/ADC_DMA.elf.dir/Drivers/STM32F1xx_HAL_Driver/Src/stm32f1xx_hal_exti.c.obj
LOAD CMakeFiles/ADC_DMA.elf.dir/Drivers/STM32F1xx_HAL_Driver/Src/stm32f1xx_hal_flash.c.obj
LOAD CMakeFiles/ADC_DMA.elf.dir/Drivers/STM32F1xx_HAL_Driver/Src/stm32f1xx_hal_flash_ex.c.obj
LOAD CMakeFiles/ADC_DMA.elf.dir/Drivers/STM32F1xx_HAL_Driver/Src/stm32f1xx_hal_gpio.c.obj
LOAD CMakeFiles/ADC_DMA.elf.dir/Drivers/STM32F1xx_HAL_Driver/Src/stm32f1xx_hal_gpio_ex.c.obj
LOAD CMakeFiles/ADC_DMA.elf.dir/Drivers/STM32F1xx_HAL_Driver/Src/stm32f1xx_hal_pwr.c.obj
LOAD CMakeFiles/ADC_DMA.elf.dir/Drivers/STM32F1xx_HAL_Driver/Src/stm32f1xx_hal_rcc.c.obj
LOAD CMakeFiles/ADC_DMA.elf.dir/Drivers/STM32F1xx_HAL_Driver/Src/stm32f1xx_hal_rcc_ex.c.obj
LOAD CMakeFiles/ADC_DMA.elf.dir/Drivers/STM32F1xx_HAL_Driver/Src/stm32f1xx_hal_tim.c.obj
LOAD CMakeFiles/ADC_DMA.elf.dir/Drivers/STM32F1xx_HAL_Driver/Src/stm32f1xx_hal_tim_ex.c.obj
LOAD CMakeFiles/ADC_DMA.elf.dir/Drivers/STM32F1xx_HAL_Driver/Src/stm32f1xx_hal_uart.c.obj
START GROUP
LOAD d:/toolchain_supports/arm-gnu-toolchain-12.2.mpacbti-rel1-mingw-w64-i686-arm-none-eabi/bin/../lib/gcc/arm-none-eabi/12.2.1/thumb/v7-m/nofp\libgcc.a
LOAD d:/toolchain_supports/arm-gnu-toolchain-12.2.mpacbti-rel1-mingw-w64-i686-arm-none-eabi/bin/../lib/gcc/arm-none-eabi/12.2.1/thumb/v7-m/nofp\libg.a
LOAD d:/toolchain_supports/arm-gnu-toolchain-12.2.mpacbti-rel1-mingw-w64-i686-arm-none-eabi/bin/../lib/gcc/arm-none-eabi/12.2.1/thumb/v7-m/nofp\libc.a
END GROUP
LOAD d:/toolchain_supports/arm-gnu-toolchain-12.2.mpacbti-rel1-mingw-w64-i686-arm-none-eabi/bin/../lib/gcc/arm-none-eabi/12.2.1/thumb/v7-m/nofp/crtend.o
LOAD d:/toolchain_supports/arm-gnu-toolchain-12.2.mpacbti-rel1-mingw-w64-i686-arm-none-eabi/bin/../lib/gcc/arm-none-eabi/12.2.1/thumb/v7-m/nofp/crtn.o
                0x20005000                        _estack = (ORIGIN (RAM) + LENGTH (RAM))
                0x00000200                        _Min_Heap_Size = 0x200
                0x00000400                        _Min_Stack_Size = 0x400

.isr_vector     0x08000000      0x10c
                0x08000000                        . = ALIGN (0x4)
 *(.isr_vector)
 .isr_vector    0x08000000      0x10c CMakeFiles/ADC_DMA.elf.dir/Core/Startup/startup_stm32f103c8tx.s.obj
                0x08000000                g_pfnVectors
                0x0800010c                        . = ALIGN (0x4)

.text           0x08000110     0x9020
                0x08000110                        . = ALIGN (0x4)
 *(.text)
 .text          0x08000110      0x378 d:/toolchain_supports/arm-gnu-toolchain-12.2.mpacbti-rel1-mingw-w64-i686-arm-none-eabi/bin/../lib/gcc/arm-none-eabi/12.2.1/thumb/v7-m/nofp\libgcc.a(_arm_addsubdf3.o)
                0x08000110                __aeabi_drsub
                0x08000118                __aeabi_dsub
                0x08000118                __subdf3
                0x0800011c                __aeabi_dadd
                0x0800011c                __adddf3
                0x08000394                __floatunsidf
                0x08000394                __aeabi_ui2d
                0x080003b4                __floatsidf
                0x080003b4                __aeabi_i2d
                0x080003d8                __aeabi_f2d
                0x080003d8                __extendsfdf2
                0x0800041c                __floatundidf
                0x0800041c                __aeabi_ul2d
                0x0800042c                __floatdidf
                0x0800042c                __aeabi_l2d
 .text          0x08000488       0xa0 d:/toolchain_supports/arm-gnu-toolchain-12.2.mpacbti-rel1-mingw-w64-i686-arm-none-eabi/bin/../lib/gcc/arm-none-eabi/12.2.1/thumb/v7-m/nofp\libgcc.a(_arm_truncdfsf2.o)
                0x08000488                __truncdfsf2
                0x08000488                __aeabi_d2f
 .text          0x08000528       0xec d:/toolchain_supports/arm-gnu-toolchain-12.2.mpacbti-rel1-mingw-w64-i686-arm-none-eabi/bin/../lib/gcc/arm-none-eabi/12.2.1/thumb/v7-m/nofp\libgcc.a(_arm_cmpsf2.o)
                0x08000528                __gesf2
                0x08000528                __gtsf2
                0x08000530                __lesf2
                0x08000530                __ltsf2
                0x08000538                __nesf2
                0x08000538                __eqsf2
                0x08000538                __cmpsf2
                0x08000598                __aeabi_cfrcmple
                0x080005a0                __aeabi_cfcmpeq
                0x080005a0                __aeabi_cfcmple
                0x080005b0                __aeabi_fcmpeq
                0x080005c4                __aeabi_fcmplt
                0x080005d8                __aeabi_fcmple
                0x080005ec                __aeabi_fcmpge
                0x08000600                __aeabi_fcmpgt
 .text          0x08000614       0xec d:/toolchain_supports/arm-gnu-toolchain-12.2.mpacbti-rel1-mingw-w64-i686-arm-none-eabi/bin/../lib/gcc/arm-none-eabi/12.2.1/thumb/v7-m/nofp\libg.a(libc_a-memcpy.o)
                0x08000614                memcpy
 .text          0x08000700      0x424 d:/toolchain_supports/arm-gnu-toolchain-12.2.mpacbti-rel1-mingw-w64-i686-arm-none-eabi/bin/../lib/gcc/arm-none-eabi/12.2.1/thumb/v7-m/nofp\libgcc.a(_arm_muldivdf3.o)
                0x08000700                __aeabi_dmul
                0x08000700                __muldf3
                0x08000954                __divdf3
                0x08000954                __aeabi_ddiv
 .text          0x08000b24      0x110 d:/toolchain_supports/arm-gnu-toolchain-12.2.mpacbti-rel1-mingw-w64-i686-arm-none-eabi/bin/../lib/gcc/arm-none-eabi/12.2.1/thumb/v7-m/nofp\libgcc.a(_arm_cmpdf2.o)
                0x08000b24                __gtdf2
                0x08000b24                __gedf2
                0x08000b2c                __ltdf2
                0x08000b2c                __ledf2
                0x08000b34                __nedf2
                0x08000b34                __eqdf2
                0x08000b34                __cmpdf2
                0x08000bb0                __aeabi_cdrcmple
                0x08000bc0                __aeabi_cdcmpeq
                0x08000bc0                __aeabi_cdcmple
                0x08000bd0                __aeabi_dcmpeq
                0x08000be4                __aeabi_dcmplt
                0x08000bf8                __aeabi_dcmple
                0x08000c0c                __aeabi_dcmpge
                0x08000c20                __aeabi_dcmpgt
 .text          0x08000c34       0x2c d:/toolchain_supports/arm-gnu-toolchain-12.2.mpacbti-rel1-mingw-w64-i686-arm-none-eabi/bin/../lib/gcc/arm-none-eabi/12.2.1/thumb/v7-m/nofp\libgcc.a(_arm_unorddf2.o)
                0x08000c34                __unorddf2
                0x08000c34                __aeabi_dcmpun
 .text          0x08000c60       0x50 d:/toolchain_supports/arm-gnu-toolchain-12.2.mpacbti-rel1-mingw-w64-i686-arm-none-eabi/bin/../lib/gcc/arm-none-eabi/12.2.1/thumb/v7-m/nofp\libgcc.a(_arm_fixdfsi.o)
                0x08000c60                __aeabi_d2iz
                0x08000c60                __fixdfsi
 *(.text*)
 .text.deregister_tm_clones
                0x08000cb0       0x1c d:/toolchain_supports/arm-gnu-toolchain-12.2.mpacbti-rel1-mingw-w64-i686-arm-none-eabi/bin/../lib/gcc/arm-none-eabi/12.2.1/thumb/v7-m/nofp/crtbegin.o
 .text.register_tm_clones
                0x08000ccc       0x24 d:/toolchain_supports/arm-gnu-toolchain-12.2.mpacbti-rel1-mingw-w64-i686-arm-none-eabi/bin/../lib/gcc/arm-none-eabi/12.2.1/thumb/v7-m/nofp/crtbegin.o
 .text.__do_global_dtors_aux
                0x08000cf0       0x28 d:/toolchain_supports/arm-gnu-toolchain-12.2.mpacbti-rel1-mingw-w64-i686-arm-none-eabi/bin/../lib/gcc/arm-none-eabi/12.2.1/thumb/v7-m/nofp/crtbegin.o
 .text.frame_dummy
                0x08000d18       0x24 d:/toolchain_supports/arm-gnu-toolchain-12.2.mpacbti-rel1-mingw-w64-i686-arm-none-eabi/bin/../lib/gcc/arm-none-eabi/12.2.1/thumb/v7-m/nofp/crtbegin.o
 .text.MX_ADC1_Init
                0x08000d3c       0x90 CMakeFiles/ADC_DMA.elf.dir/Core/Src/adc.c.obj
                0x08000d3c                MX_ADC1_Init
 .text.HAL_ADC_MspInit
                0x08000dcc       0x9c CMakeFiles/ADC_DMA.elf.dir/Core/Src/adc.c.obj
                0x08000dcc                HAL_ADC_MspInit
 .text.MX_DMA_Init
                0x08000e68       0x34 CMakeFiles/ADC_DMA.elf.dir/Core/Src/dma.c.obj
                0x08000e68                MX_DMA_Init
 .text.MX_GPIO_Init
                0x08000e9c       0x64 CMakeFiles/ADC_DMA.elf.dir/Core/Src/gpio.c.obj
                0x08000e9c                MX_GPIO_Init
 .text.__io_putchar
                0x08000f00       0x20 CMakeFiles/ADC_DMA.elf.dir/Core/Src/main.c.obj
                0x08000f00                __io_putchar
 .text.LED_Off  0x08000f20       0x14 CMakeFiles/ADC_DMA.elf.dir/Core/Src/main.c.obj
                0x08000f20                LED_Off
 .text.LED_Toggle
                0x08000f34       0x10 CMakeFiles/ADC_DMA.elf.dir/Core/Src/main.c.obj
                0x08000f34                LED_Toggle
 .text.ActiveJudge
                0x08000f44       0x12 CMakeFiles/ADC_DMA.elf.dir/Core/Src/main.c.obj
                0x08000f44                ActiveJudge
 *fill*         0x08000f56        0x2 
 .text.HAL_TIM_PeriodElapsedCallback
                0x08000f58       0xd0 CMakeFiles/ADC_DMA.elf.dir/Core/Src/main.c.obj
                0x08000f58                HAL_TIM_PeriodElapsedCallback
 .text.Error_Handler
                0x08001028        0x4 CMakeFiles/ADC_DMA.elf.dir/Core/Src/main.c.obj
                0x08001028                Error_Handler
 .text.SystemClock_Config
                0x0800102c       0x84 CMakeFiles/ADC_DMA.elf.dir/Core/Src/main.c.obj
                0x0800102c                SystemClock_Config
 .text.main     0x080010b0       0x48 CMakeFiles/ADC_DMA.elf.dir/Core/Src/main.c.obj
                0x080010b0                main
 .text.HAL_MspInit
                0x080010f8       0x44 CMakeFiles/ADC_DMA.elf.dir/Core/Src/stm32f1xx_hal_msp.c.obj
                0x080010f8                HAL_MspInit
 .text.NMI_Handler
                0x0800113c        0x2 CMakeFiles/ADC_DMA.elf.dir/Core/Src/stm32f1xx_it.c.obj
                0x0800113c                NMI_Handler
 .text.HardFault_Handler
                0x0800113e        0x2 CMakeFiles/ADC_DMA.elf.dir/Core/Src/stm32f1xx_it.c.obj
                0x0800113e                HardFault_Handler
 .text.MemManage_Handler
                0x08001140        0x2 CMakeFiles/ADC_DMA.elf.dir/Core/Src/stm32f1xx_it.c.obj
                0x08001140                MemManage_Handler
 .text.BusFault_Handler
                0x08001142        0x2 CMakeFiles/ADC_DMA.elf.dir/Core/Src/stm32f1xx_it.c.obj
                0x08001142                BusFault_Handler
 .text.UsageFault_Handler
                0x08001144        0x2 CMakeFiles/ADC_DMA.elf.dir/Core/Src/stm32f1xx_it.c.obj
                0x08001144                UsageFault_Handler
 .text.SVC_Handler
                0x08001146        0x2 CMakeFiles/ADC_DMA.elf.dir/Core/Src/stm32f1xx_it.c.obj
                0x08001146                SVC_Handler
 .text.DebugMon_Handler
                0x08001148        0x2 CMakeFiles/ADC_DMA.elf.dir/Core/Src/stm32f1xx_it.c.obj
                0x08001148                DebugMon_Handler
 .text.PendSV_Handler
                0x0800114a        0x2 CMakeFiles/ADC_DMA.elf.dir/Core/Src/stm32f1xx_it.c.obj
                0x0800114a                PendSV_Handler
 .text.SysTick_Handler
                0x0800114c        0x8 CMakeFiles/ADC_DMA.elf.dir/Core/Src/stm32f1xx_it.c.obj
                0x0800114c                SysTick_Handler
 .text.DMA1_Channel1_IRQHandler
                0x08001154       0x10 CMakeFiles/ADC_DMA.elf.dir/Core/Src/stm32f1xx_it.c.obj
                0x08001154                DMA1_Channel1_IRQHandler
 .text.TIM2_IRQHandler
                0x08001164       0x10 CMakeFiles/ADC_DMA.elf.dir/Core/Src/stm32f1xx_it.c.obj
                0x08001164                TIM2_IRQHandler
 .text._getpid  0x08001174        0x4 CMakeFiles/ADC_DMA.elf.dir/Core/Src/syscalls.c.obj
                0x08001174                _getpid
 .text._kill    0x08001178       0x10 CMakeFiles/ADC_DMA.elf.dir/Core/Src/syscalls.c.obj
                0x08001178                _kill
 .text._exit    0x08001188        0xc CMakeFiles/ADC_DMA.elf.dir/Core/Src/syscalls.c.obj
                0x08001188                _exit
 .text._read    0x08001194       0x20 CMakeFiles/ADC_DMA.elf.dir/Core/Src/syscalls.c.obj
                0x08001194                _read
 .text._write   0x080011b4       0x1c CMakeFiles/ADC_DMA.elf.dir/Core/Src/syscalls.c.obj
                0x080011b4                _write
 .text._close   0x080011d0        0x6 CMakeFiles/ADC_DMA.elf.dir/Core/Src/syscalls.c.obj
                0x080011d0                _close
 .text._fstat   0x080011d6        0xa CMakeFiles/ADC_DMA.elf.dir/Core/Src/syscalls.c.obj
                0x080011d6                _fstat
 .text._isatty  0x080011e0        0x4 CMakeFiles/ADC_DMA.elf.dir/Core/Src/syscalls.c.obj
                0x080011e0                _isatty
 .text._lseek   0x080011e4        0x4 CMakeFiles/ADC_DMA.elf.dir/Core/Src/syscalls.c.obj
                0x080011e4                _lseek
 .text._sbrk    0x080011e8       0x48 CMakeFiles/ADC_DMA.elf.dir/Core/Src/sysmem.c.obj
                0x080011e8                _sbrk
 .text.SystemInit
                0x08001230        0x2 CMakeFiles/ADC_DMA.elf.dir/Core/Src/system_stm32f1xx.c.obj
                0x08001230                SystemInit
 *fill*         0x08001232        0x2 
 .text.MX_TIM2_Init
                0x08001234       0x70 CMakeFiles/ADC_DMA.elf.dir/Core/Src/tim.c.obj
                0x08001234                MX_TIM2_Init
 .text.HAL_TIM_Base_MspInit
                0x080012a4       0x3a CMakeFiles/ADC_DMA.elf.dir/Core/Src/tim.c.obj
                0x080012a4                HAL_TIM_Base_MspInit
 *fill*         0x080012de        0x2 
 .text.MX_USART1_UART_Init
                0x080012e0       0x34 CMakeFiles/ADC_DMA.elf.dir/Core/Src/usart.c.obj
                0x080012e0                MX_USART1_UART_Init
 .text.HAL_UART_MspInit
                0x08001314       0x78 CMakeFiles/ADC_DMA.elf.dir/Core/Src/usart.c.obj
                0x08001314                HAL_UART_MspInit
 .text.Reset_Handler
                0x0800138c       0x48 CMakeFiles/ADC_DMA.elf.dir/Core/Startup/startup_stm32f103c8tx.s.obj
                0x0800138c                Reset_Handler
 .text.Default_Handler
                0x080013d4        0x2 CMakeFiles/ADC_DMA.elf.dir/Core/Startup/startup_stm32f103c8tx.s.obj
                0x080013d4                RTC_Alarm_IRQHandler
                0x080013d4                EXTI2_IRQHandler
                0x080013d4                TIM1_CC_IRQHandler
                0x080013d4                PVD_IRQHandler
                0x080013d4                EXTI3_IRQHandler
                0x080013d4                EXTI0_IRQHandler
                0x080013d4                I2C2_EV_IRQHandler
                0x080013d4                ADC1_2_IRQHandler
                0x080013d4                SPI1_IRQHandler
                0x080013d4                TAMPER_IRQHandler
                0x080013d4                DMA1_Channel4_IRQHandler
                0x080013d4                USART3_IRQHandler
                0x080013d4                RTC_IRQHandler
                0x080013d4                DMA1_Channel7_IRQHandler
                0x080013d4                CAN1_RX1_IRQHandler
                0x080013d4                TIM4_IRQHandler
                0x080013d4                I2C1_EV_IRQHandler
                0x080013d4                DMA1_Channel6_IRQHandler
                0x080013d4                TIM3_IRQHandler
                0x080013d4                RCC_IRQHandler
                0x080013d4                TIM1_TRG_COM_IRQHandler
                0x080013d4                Default_Handler
                0x080013d4                EXTI15_10_IRQHandler
                0x080013d4                EXTI9_5_IRQHandler
                0x080013d4                SPI2_IRQHandler
                0x080013d4                DMA1_Channel5_IRQHandler
                0x080013d4                EXTI4_IRQHandler
                0x080013d4                USB_LP_CAN1_RX0_IRQHandler
                0x080013d4                USB_HP_CAN1_TX_IRQHandler
                0x080013d4                DMA1_Channel3_IRQHandler
                0x080013d4                TIM1_UP_IRQHandler
                0x080013d4                WWDG_IRQHandler
                0x080013d4                TIM1_BRK_IRQHandler
                0x080013d4                EXTI1_IRQHandler
                0x080013d4                USART2_IRQHandler
                0x080013d4                I2C2_ER_IRQHandler
                0x080013d4                DMA1_Channel2_IRQHandler
                0x080013d4                CAN1_SCE_IRQHandler
                0x080013d4                FLASH_IRQHandler
                0x080013d4                USART1_IRQHandler
                0x080013d4                I2C1_ER_IRQHandler
                0x080013d4                USBWakeUp_IRQHandler
 *fill*         0x080013d6        0x2 
 .text.HAL_InitTick
                0x080013d8       0x4c CMakeFiles/ADC_DMA.elf.dir/Drivers/STM32F1xx_HAL_Driver/Src/stm32f1xx_hal.c.obj
                0x080013d8                HAL_InitTick
 .text.HAL_Init
                0x08001424       0x24 CMakeFiles/ADC_DMA.elf.dir/Drivers/STM32F1xx_HAL_Driver/Src/stm32f1xx_hal.c.obj
                0x08001424                HAL_Init
 .text.HAL_IncTick
                0x08001448       0x18 CMakeFiles/ADC_DMA.elf.dir/Drivers/STM32F1xx_HAL_Driver/Src/stm32f1xx_hal.c.obj
                0x08001448                HAL_IncTick
 .text.HAL_GetTick
                0x08001460        0xc CMakeFiles/ADC_DMA.elf.dir/Drivers/STM32F1xx_HAL_Driver/Src/stm32f1xx_hal.c.obj
                0x08001460                HAL_GetTick
 .text.HAL_Delay
                0x0800146c       0x28 CMakeFiles/ADC_DMA.elf.dir/Drivers/STM32F1xx_HAL_Driver/Src/stm32f1xx_hal.c.obj
                0x0800146c                HAL_Delay
 .text.HAL_ADC_ConvCpltCallback
                0x08001494        0x2 CMakeFiles/ADC_DMA.elf.dir/Drivers/STM32F1xx_HAL_Driver/Src/stm32f1xx_hal_adc.c.obj
                0x08001494                HAL_ADC_ConvCpltCallback
 .text.ADC_DMAConvCplt
                0x08001496       0x52 CMakeFiles/ADC_DMA.elf.dir/Drivers/STM32F1xx_HAL_Driver/Src/stm32f1xx_hal_adc.c.obj
                0x08001496                ADC_DMAConvCplt
 .text.HAL_ADC_ConvHalfCpltCallback
                0x080014e8        0x2 CMakeFiles/ADC_DMA.elf.dir/Drivers/STM32F1xx_HAL_Driver/Src/stm32f1xx_hal_adc.c.obj
                0x080014e8                HAL_ADC_ConvHalfCpltCallback
 .text.ADC_DMAHalfConvCplt
                0x080014ea        0xa CMakeFiles/ADC_DMA.elf.dir/Drivers/STM32F1xx_HAL_Driver/Src/stm32f1xx_hal_adc.c.obj
                0x080014ea                ADC_DMAHalfConvCplt
 .text.HAL_ADC_ErrorCallback
                0x080014f4        0x2 CMakeFiles/ADC_DMA.elf.dir/Drivers/STM32F1xx_HAL_Driver/Src/stm32f1xx_hal_adc.c.obj
                0x080014f4                HAL_ADC_ErrorCallback
 .text.ADC_DMAError
                0x080014f6       0x1a CMakeFiles/ADC_DMA.elf.dir/Drivers/STM32F1xx_HAL_Driver/Src/stm32f1xx_hal_adc.c.obj
                0x080014f6                ADC_DMAError
 .text.HAL_ADC_ConfigChannel
                0x08001510      0x140 CMakeFiles/ADC_DMA.elf.dir/Drivers/STM32F1xx_HAL_Driver/Src/stm32f1xx_hal_adc.c.obj
                0x08001510                HAL_ADC_ConfigChannel
 .text.ADC_Enable
                0x08001650       0x88 CMakeFiles/ADC_DMA.elf.dir/Drivers/STM32F1xx_HAL_Driver/Src/stm32f1xx_hal_adc.c.obj
                0x08001650                ADC_Enable
 .text.HAL_ADC_Start_DMA
                0x080016d8      0x130 CMakeFiles/ADC_DMA.elf.dir/Drivers/STM32F1xx_HAL_Driver/Src/stm32f1xx_hal_adc.c.obj
                0x080016d8                HAL_ADC_Start_DMA
 .text.ADC_ConversionStop_Disable
                0x08001808       0x56 CMakeFiles/ADC_DMA.elf.dir/Drivers/STM32F1xx_HAL_Driver/Src/stm32f1xx_hal_adc.c.obj
                0x08001808                ADC_ConversionStop_Disable
 *fill*         0x0800185e        0x2 
 .text.HAL_ADC_Init
                0x08001860      0x108 CMakeFiles/ADC_DMA.elf.dir/Drivers/STM32F1xx_HAL_Driver/Src/stm32f1xx_hal_adc.c.obj
                0x08001860                HAL_ADC_Init
 .text.__NVIC_SetPriority
                0x08001968       0x28 CMakeFiles/ADC_DMA.elf.dir/Drivers/STM32F1xx_HAL_Driver/Src/stm32f1xx_hal_cortex.c.obj
 .text.NVIC_EncodePriority
                0x08001990       0x3e CMakeFiles/ADC_DMA.elf.dir/Drivers/STM32F1xx_HAL_Driver/Src/stm32f1xx_hal_cortex.c.obj
 *fill*         0x080019ce        0x2 
 .text.HAL_NVIC_SetPriorityGrouping
                0x080019d0       0x24 CMakeFiles/ADC_DMA.elf.dir/Drivers/STM32F1xx_HAL_Driver/Src/stm32f1xx_hal_cortex.c.obj
                0x080019d0                HAL_NVIC_SetPriorityGrouping
 .text.HAL_NVIC_SetPriority
                0x080019f4       0x20 CMakeFiles/ADC_DMA.elf.dir/Drivers/STM32F1xx_HAL_Driver/Src/stm32f1xx_hal_cortex.c.obj
                0x080019f4                HAL_NVIC_SetPriority
 .text.HAL_NVIC_EnableIRQ
                0x08001a14       0x1c CMakeFiles/ADC_DMA.elf.dir/Drivers/STM32F1xx_HAL_Driver/Src/stm32f1xx_hal_cortex.c.obj
                0x08001a14                HAL_NVIC_EnableIRQ
 .text.HAL_SYSTICK_Config
                0x08001a30       0x28 CMakeFiles/ADC_DMA.elf.dir/Drivers/STM32F1xx_HAL_Driver/Src/stm32f1xx_hal_cortex.c.obj
                0x08001a30                HAL_SYSTICK_Config
 .text.DMA_SetConfig
                0x08001a58       0x2c CMakeFiles/ADC_DMA.elf.dir/Drivers/STM32F1xx_HAL_Driver/Src/stm32f1xx_hal_dma.c.obj
 .text.HAL_DMA_Init
                0x08001a84       0x6c CMakeFiles/ADC_DMA.elf.dir/Drivers/STM32F1xx_HAL_Driver/Src/stm32f1xx_hal_dma.c.obj
                0x08001a84                HAL_DMA_Init
 .text.HAL_DMA_Start_IT
                0x08001af0       0x76 CMakeFiles/ADC_DMA.elf.dir/Drivers/STM32F1xx_HAL_Driver/Src/stm32f1xx_hal_dma.c.obj
                0x08001af0                HAL_DMA_Start_IT
 *fill*         0x08001b66        0x2 
 .text.HAL_DMA_IRQHandler
                0x08001b68      0x144 CMakeFiles/ADC_DMA.elf.dir/Drivers/STM32F1xx_HAL_Driver/Src/stm32f1xx_hal_dma.c.obj
                0x08001b68                HAL_DMA_IRQHandler
 .text.HAL_GPIO_Init
                0x08001cac      0x21c CMakeFiles/ADC_DMA.elf.dir/Drivers/STM32F1xx_HAL_Driver/Src/stm32f1xx_hal_gpio.c.obj
                0x08001cac                HAL_GPIO_Init
 .text.HAL_GPIO_WritePin
                0x08001ec8        0xc CMakeFiles/ADC_DMA.elf.dir/Drivers/STM32F1xx_HAL_Driver/Src/stm32f1xx_hal_gpio.c.obj
                0x08001ec8                HAL_GPIO_WritePin
 .text.HAL_GPIO_TogglePin
                0x08001ed4       0x12 CMakeFiles/ADC_DMA.elf.dir/Drivers/STM32F1xx_HAL_Driver/Src/stm32f1xx_hal_gpio.c.obj
                0x08001ed4                HAL_GPIO_TogglePin
 *fill*         0x08001ee6        0x2 
 .text.RCC_Delay
                0x08001ee8       0x2c CMakeFiles/ADC_DMA.elf.dir/Drivers/STM32F1xx_HAL_Driver/Src/stm32f1xx_hal_rcc.c.obj
 .text.HAL_RCC_OscConfig
                0x08001f14      0x410 CMakeFiles/ADC_DMA.elf.dir/Drivers/STM32F1xx_HAL_Driver/Src/stm32f1xx_hal_rcc.c.obj
                0x08001f14                HAL_RCC_OscConfig
 .text.HAL_RCC_GetSysClockFreq
                0x08002324       0x54 CMakeFiles/ADC_DMA.elf.dir/Drivers/STM32F1xx_HAL_Driver/Src/stm32f1xx_hal_rcc.c.obj
                0x08002324                HAL_RCC_GetSysClockFreq
 .text.HAL_RCC_ClockConfig
                0x08002378      0x16c CMakeFiles/ADC_DMA.elf.dir/Drivers/STM32F1xx_HAL_Driver/Src/stm32f1xx_hal_rcc.c.obj
                0x08002378                HAL_RCC_ClockConfig
 .text.HAL_RCC_GetHCLKFreq
                0x080024e4        0xc CMakeFiles/ADC_DMA.elf.dir/Drivers/STM32F1xx_HAL_Driver/Src/stm32f1xx_hal_rcc.c.obj
                0x080024e4                HAL_RCC_GetHCLKFreq
 .text.HAL_RCC_GetPCLK1Freq
                0x080024f0       0x20 CMakeFiles/ADC_DMA.elf.dir/Drivers/STM32F1xx_HAL_Driver/Src/stm32f1xx_hal_rcc.c.obj
                0x080024f0                HAL_RCC_GetPCLK1Freq
 .text.HAL_RCC_GetPCLK2Freq
                0x08002510       0x20 CMakeFiles/ADC_DMA.elf.dir/Drivers/STM32F1xx_HAL_Driver/Src/stm32f1xx_hal_rcc.c.obj
                0x08002510                HAL_RCC_GetPCLK2Freq
 .text.HAL_RCCEx_PeriphCLKConfig
                0x08002530      0x118 CMakeFiles/ADC_DMA.elf.dir/Drivers/STM32F1xx_HAL_Driver/Src/stm32f1xx_hal_rcc_ex.c.obj
                0x08002530                HAL_RCCEx_PeriphCLKConfig
 .text.TIM_TI1_ConfigInputStage
                0x08002648       0x24 CMakeFiles/ADC_DMA.elf.dir/Drivers/STM32F1xx_HAL_Driver/Src/stm32f1xx_hal_tim.c.obj
 .text.TIM_TI2_ConfigInputStage
                0x0800266c       0x26 CMakeFiles/ADC_DMA.elf.dir/Drivers/STM32F1xx_HAL_Driver/Src/stm32f1xx_hal_tim.c.obj
 .text.TIM_ITRx_SetConfig
                0x08002692       0x10 CMakeFiles/ADC_DMA.elf.dir/Drivers/STM32F1xx_HAL_Driver/Src/stm32f1xx_hal_tim.c.obj
 *fill*         0x080026a2        0x2 
 .text.HAL_TIM_Base_Start_IT
                0x080026a4       0x68 CMakeFiles/ADC_DMA.elf.dir/Drivers/STM32F1xx_HAL_Driver/Src/stm32f1xx_hal_tim.c.obj
                0x080026a4                HAL_TIM_Base_Start_IT
 .text.HAL_TIM_OC_DelayElapsedCallback
                0x0800270c        0x2 CMakeFiles/ADC_DMA.elf.dir/Drivers/STM32F1xx_HAL_Driver/Src/stm32f1xx_hal_tim.c.obj
                0x0800270c                HAL_TIM_OC_DelayElapsedCallback
 .text.HAL_TIM_IC_CaptureCallback
                0x0800270e        0x2 CMakeFiles/ADC_DMA.elf.dir/Drivers/STM32F1xx_HAL_Driver/Src/stm32f1xx_hal_tim.c.obj
                0x0800270e                HAL_TIM_IC_CaptureCallback
 .text.HAL_TIM_PWM_PulseFinishedCallback
                0x08002710        0x2 CMakeFiles/ADC_DMA.elf.dir/Drivers/STM32F1xx_HAL_Driver/Src/stm32f1xx_hal_tim.c.obj
                0x08002710                HAL_TIM_PWM_PulseFinishedCallback
 .text.HAL_TIM_TriggerCallback
                0x08002712        0x2 CMakeFiles/ADC_DMA.elf.dir/Drivers/STM32F1xx_HAL_Driver/Src/stm32f1xx_hal_tim.c.obj
                0x08002712                HAL_TIM_TriggerCallback
 .text.HAL_TIM_IRQHandler
                0x08002714      0x17a CMakeFiles/ADC_DMA.elf.dir/Drivers/STM32F1xx_HAL_Driver/Src/stm32f1xx_hal_tim.c.obj
                0x08002714                HAL_TIM_IRQHandler
 *fill*         0x0800288e        0x2 
 .text.TIM_Base_SetConfig
                0x08002890       0x74 CMakeFiles/ADC_DMA.elf.dir/Drivers/STM32F1xx_HAL_Driver/Src/stm32f1xx_hal_tim.c.obj
                0x08002890                TIM_Base_SetConfig
 .text.HAL_TIM_Base_Init
                0x08002904       0x58 CMakeFiles/ADC_DMA.elf.dir/Drivers/STM32F1xx_HAL_Driver/Src/stm32f1xx_hal_tim.c.obj
                0x08002904                HAL_TIM_Base_Init
 .text.TIM_ETR_SetConfig
                0x0800295c       0x18 CMakeFiles/ADC_DMA.elf.dir/Drivers/STM32F1xx_HAL_Driver/Src/stm32f1xx_hal_tim.c.obj
                0x0800295c                TIM_ETR_SetConfig
 .text.HAL_TIM_ConfigClockSource
                0x08002974       0xfe CMakeFiles/ADC_DMA.elf.dir/Drivers/STM32F1xx_HAL_Driver/Src/stm32f1xx_hal_tim.c.obj
                0x08002974                HAL_TIM_ConfigClockSource
 *fill*         0x08002a72        0x2 
 .text.HAL_TIMEx_MasterConfigSynchronization
                0x08002a74       0x6c CMakeFiles/ADC_DMA.elf.dir/Drivers/STM32F1xx_HAL_Driver/Src/stm32f1xx_hal_tim_ex.c.obj
                0x08002a74                HAL_TIMEx_MasterConfigSynchronization
 .text.HAL_TIMEx_CommutCallback
                0x08002ae0        0x2 CMakeFiles/ADC_DMA.elf.dir/Drivers/STM32F1xx_HAL_Driver/Src/stm32f1xx_hal_tim_ex.c.obj
                0x08002ae0                HAL_TIMEx_CommutCallback
 .text.HAL_TIMEx_BreakCallback
                0x08002ae2        0x2 CMakeFiles/ADC_DMA.elf.dir/Drivers/STM32F1xx_HAL_Driver/Src/stm32f1xx_hal_tim_ex.c.obj
                0x08002ae2                HAL_TIMEx_BreakCallback
 .text.UART_SetConfig
                0x08002ae4       0x94 CMakeFiles/ADC_DMA.elf.dir/Drivers/STM32F1xx_HAL_Driver/Src/stm32f1xx_hal_uart.c.obj
 .text.UART_WaitOnFlagUntilTimeout
                0x08002b78       0x84 CMakeFiles/ADC_DMA.elf.dir/Drivers/STM32F1xx_HAL_Driver/Src/stm32f1xx_hal_uart.c.obj
 .text.HAL_UART_Init
                0x08002bfc       0x60 CMakeFiles/ADC_DMA.elf.dir/Drivers/STM32F1xx_HAL_Driver/Src/stm32f1xx_hal_uart.c.obj
                0x08002bfc                HAL_UART_Init
 .text.HAL_UART_Transmit
                0x08002c5c       0xbe CMakeFiles/ADC_DMA.elf.dir/Drivers/STM32F1xx_HAL_Driver/Src/stm32f1xx_hal_uart.c.obj
                0x08002c5c                HAL_UART_Transmit
 *fill*         0x08002d1a        0x2 
 .text.stdio_exit_handler
                0x08002d1c       0x18 d:/toolchain_supports/arm-gnu-toolchain-12.2.mpacbti-rel1-mingw-w64-i686-arm-none-eabi/bin/../lib/gcc/arm-none-eabi/12.2.1/thumb/v7-m/nofp\libg.a(libc_a-findfp.o)
 .text.cleanup_stdio
                0x08002d34       0x40 d:/toolchain_supports/arm-gnu-toolchain-12.2.mpacbti-rel1-mingw-w64-i686-arm-none-eabi/bin/../lib/gcc/arm-none-eabi/12.2.1/thumb/v7-m/nofp\libg.a(libc_a-findfp.o)
 .text.global_stdio_init.part.0
                0x08002d74       0xf0 d:/toolchain_supports/arm-gnu-toolchain-12.2.mpacbti-rel1-mingw-w64-i686-arm-none-eabi/bin/../lib/gcc/arm-none-eabi/12.2.1/thumb/v7-m/nofp\libg.a(libc_a-findfp.o)
 .text.__sinit  0x08002e64       0x3c d:/toolchain_supports/arm-gnu-toolchain-12.2.mpacbti-rel1-mingw-w64-i686-arm-none-eabi/bin/../lib/gcc/arm-none-eabi/12.2.1/thumb/v7-m/nofp\libg.a(libc_a-findfp.o)
                0x08002e64                __sinit
 .text.__sfp_lock_acquire
                0x08002ea0        0xc d:/toolchain_supports/arm-gnu-toolchain-12.2.mpacbti-rel1-mingw-w64-i686-arm-none-eabi/bin/../lib/gcc/arm-none-eabi/12.2.1/thumb/v7-m/nofp\libg.a(libc_a-findfp.o)
                0x08002ea0                __sfp_lock_acquire
 .text.__sfp_lock_release
                0x08002eac        0xc d:/toolchain_supports/arm-gnu-toolchain-12.2.mpacbti-rel1-mingw-w64-i686-arm-none-eabi/bin/../lib/gcc/arm-none-eabi/12.2.1/thumb/v7-m/nofp\libg.a(libc_a-findfp.o)
                0x08002eac                __sfp_lock_release
 .text._fwalk_sglue
                0x08002eb8       0x44 d:/toolchain_supports/arm-gnu-toolchain-12.2.mpacbti-rel1-mingw-w64-i686-arm-none-eabi/bin/../lib/gcc/arm-none-eabi/12.2.1/thumb/v7-m/nofp\libg.a(libc_a-fwalk.o)
                0x08002eb8                _fwalk_sglue
 .text.printf   0x08002efc       0x28 d:/toolchain_supports/arm-gnu-toolchain-12.2.mpacbti-rel1-mingw-w64-i686-arm-none-eabi/bin/../lib/gcc/arm-none-eabi/12.2.1/thumb/v7-m/nofp\libg.a(libc_a-printf.o)
                0x08002efc                printf
 .text.__sread  0x08002f24       0x24 d:/toolchain_supports/arm-gnu-toolchain-12.2.mpacbti-rel1-mingw-w64-i686-arm-none-eabi/bin/../lib/gcc/arm-none-eabi/12.2.1/thumb/v7-m/nofp\libg.a(libc_a-stdio.o)
                0x08002f24                __sread
 .text.__swrite
                0x08002f48       0x40 d:/toolchain_supports/arm-gnu-toolchain-12.2.mpacbti-rel1-mingw-w64-i686-arm-none-eabi/bin/../lib/gcc/arm-none-eabi/12.2.1/thumb/v7-m/nofp\libg.a(libc_a-stdio.o)
                0x08002f48                __swrite
 .text.__sseek  0x08002f88       0x24 d:/toolchain_supports/arm-gnu-toolchain-12.2.mpacbti-rel1-mingw-w64-i686-arm-none-eabi/bin/../lib/gcc/arm-none-eabi/12.2.1/thumb/v7-m/nofp\libg.a(libc_a-stdio.o)
                0x08002f88                __sseek
 .text.__sclose
                0x08002fac        0x8 d:/toolchain_supports/arm-gnu-toolchain-12.2.mpacbti-rel1-mingw-w64-i686-arm-none-eabi/bin/../lib/gcc/arm-none-eabi/12.2.1/thumb/v7-m/nofp\libg.a(libc_a-stdio.o)
                0x08002fac                __sclose
 .text.memset   0x08002fb4       0xa0 d:/toolchain_supports/arm-gnu-toolchain-12.2.mpacbti-rel1-mingw-w64-i686-arm-none-eabi/bin/../lib/gcc/arm-none-eabi/12.2.1/thumb/v7-m/nofp\libg.a(libc_a-memset.o)
                0x08002fb4                memset
 .text._close_r
                0x08003054       0x24 d:/toolchain_supports/arm-gnu-toolchain-12.2.mpacbti-rel1-mingw-w64-i686-arm-none-eabi/bin/../lib/gcc/arm-none-eabi/12.2.1/thumb/v7-m/nofp\libg.a(libc_a-closer.o)
                0x08003054                _close_r
 .text._lseek_r
                0x08003078       0x2c d:/toolchain_supports/arm-gnu-toolchain-12.2.mpacbti-rel1-mingw-w64-i686-arm-none-eabi/bin/../lib/gcc/arm-none-eabi/12.2.1/thumb/v7-m/nofp\libg.a(libc_a-lseekr.o)
                0x08003078                _lseek_r
 .text._read_r  0x080030a4       0x2c d:/toolchain_supports/arm-gnu-toolchain-12.2.mpacbti-rel1-mingw-w64-i686-arm-none-eabi/bin/../lib/gcc/arm-none-eabi/12.2.1/thumb/v7-m/nofp\libg.a(libc_a-readr.o)
                0x080030a4                _read_r
 .text._write_r
                0x080030d0       0x2c d:/toolchain_supports/arm-gnu-toolchain-12.2.mpacbti-rel1-mingw-w64-i686-arm-none-eabi/bin/../lib/gcc/arm-none-eabi/12.2.1/thumb/v7-m/nofp\libg.a(libc_a-writer.o)
                0x080030d0                _write_r
 .text.__errno  0x080030fc        0xc d:/toolchain_supports/arm-gnu-toolchain-12.2.mpacbti-rel1-mingw-w64-i686-arm-none-eabi/bin/../lib/gcc/arm-none-eabi/12.2.1/thumb/v7-m/nofp\libg.a(libc_a-errno.o)
                0x080030fc                __errno
 .text.__libc_init_array
                0x08003108       0x50 d:/toolchain_supports/arm-gnu-toolchain-12.2.mpacbti-rel1-mingw-w64-i686-arm-none-eabi/bin/../lib/gcc/arm-none-eabi/12.2.1/thumb/v7-m/nofp\libg.a(libc_a-init.o)
                0x08003108                __libc_init_array
 .text.__retarget_lock_init_recursive
                0x08003158        0x4 d:/toolchain_supports/arm-gnu-toolchain-12.2.mpacbti-rel1-mingw-w64-i686-arm-none-eabi/bin/../lib/gcc/arm-none-eabi/12.2.1/thumb/v7-m/nofp\libg.a(libc_a-lock.o)
                0x08003158                __retarget_lock_init_recursive
 .text.__retarget_lock_close_recursive
                0x0800315c        0x4 d:/toolchain_supports/arm-gnu-toolchain-12.2.mpacbti-rel1-mingw-w64-i686-arm-none-eabi/bin/../lib/gcc/arm-none-eabi/12.2.1/thumb/v7-m/nofp\libg.a(libc_a-lock.o)
                0x0800315c                __retarget_lock_close_recursive
 .text.__retarget_lock_acquire_recursive
                0x08003160        0x4 d:/toolchain_supports/arm-gnu-toolchain-12.2.mpacbti-rel1-mingw-w64-i686-arm-none-eabi/bin/../lib/gcc/arm-none-eabi/12.2.1/thumb/v7-m/nofp\libg.a(libc_a-lock.o)
                0x08003160                __retarget_lock_acquire_recursive
 .text.__retarget_lock_release_recursive
                0x08003164        0x4 d:/toolchain_supports/arm-gnu-toolchain-12.2.mpacbti-rel1-mingw-w64-i686-arm-none-eabi/bin/../lib/gcc/arm-none-eabi/12.2.1/thumb/v7-m/nofp\libg.a(libc_a-lock.o)
                0x08003164                __retarget_lock_release_recursive
 .text.startup.register_fini
                0x08003168       0x14 d:/toolchain_supports/arm-gnu-toolchain-12.2.mpacbti-rel1-mingw-w64-i686-arm-none-eabi/bin/../lib/gcc/arm-none-eabi/12.2.1/thumb/v7-m/nofp\libg.a(libc_a-__call_atexit.o)
 .text.atexit   0x0800317c        0xc d:/toolchain_supports/arm-gnu-toolchain-12.2.mpacbti-rel1-mingw-w64-i686-arm-none-eabi/bin/../lib/gcc/arm-none-eabi/12.2.1/thumb/v7-m/nofp\libg.a(libc_a-atexit.o)
                0x0800317c                atexit
 .text._malloc_trim_r
                0x08003188       0xb8 d:/toolchain_supports/arm-gnu-toolchain-12.2.mpacbti-rel1-mingw-w64-i686-arm-none-eabi/bin/../lib/gcc/arm-none-eabi/12.2.1/thumb/v7-m/nofp\libg.a(libc_a-freer.o)
                0x08003188                _malloc_trim_r
 .text._free_r  0x08003240      0x1fc d:/toolchain_supports/arm-gnu-toolchain-12.2.mpacbti-rel1-mingw-w64-i686-arm-none-eabi/bin/../lib/gcc/arm-none-eabi/12.2.1/thumb/v7-m/nofp\libg.a(libc_a-freer.o)
                0x08003240                _free_r
 .text._malloc_r
                0x0800343c      0x570 d:/toolchain_supports/arm-gnu-toolchain-12.2.mpacbti-rel1-mingw-w64-i686-arm-none-eabi/bin/../lib/gcc/arm-none-eabi/12.2.1/thumb/v7-m/nofp\libg.a(libc_a-mallocr.o)
                0x0800343c                _malloc_r
 .text.__malloc_lock
                0x080039ac        0xc d:/toolchain_supports/arm-gnu-toolchain-12.2.mpacbti-rel1-mingw-w64-i686-arm-none-eabi/bin/../lib/gcc/arm-none-eabi/12.2.1/thumb/v7-m/nofp\libg.a(libc_a-mlock.o)
                0x080039ac                __malloc_lock
 .text.__malloc_unlock
                0x080039b8        0xc d:/toolchain_supports/arm-gnu-toolchain-12.2.mpacbti-rel1-mingw-w64-i686-arm-none-eabi/bin/../lib/gcc/arm-none-eabi/12.2.1/thumb/v7-m/nofp\libg.a(libc_a-mlock.o)
                0x080039b8                __malloc_unlock
 .text._vfprintf_r
                0x080039c4     0x1c6c d:/toolchain_supports/arm-gnu-toolchain-12.2.mpacbti-rel1-mingw-w64-i686-arm-none-eabi/bin/../lib/gcc/arm-none-eabi/12.2.1/thumb/v7-m/nofp\libg.a(libc_a-vfprintf.o)
                0x080039c4                _vfprintf_r
 .text.__sbprintf
                0x08005630       0x80 d:/toolchain_supports/arm-gnu-toolchain-12.2.mpacbti-rel1-mingw-w64-i686-arm-none-eabi/bin/../lib/gcc/arm-none-eabi/12.2.1/thumb/v7-m/nofp\libg.a(libc_a-vfprintf.o)
 .text.__sprint_r.part.0
                0x080056b0       0x78 d:/toolchain_supports/arm-gnu-toolchain-12.2.mpacbti-rel1-mingw-w64-i686-arm-none-eabi/bin/../lib/gcc/arm-none-eabi/12.2.1/thumb/v7-m/nofp\libg.a(libc_a-vfiprintf.o)
 .text.__sprint_r
                0x08005728       0x14 d:/toolchain_supports/arm-gnu-toolchain-12.2.mpacbti-rel1-mingw-w64-i686-arm-none-eabi/bin/../lib/gcc/arm-none-eabi/12.2.1/thumb/v7-m/nofp\libg.a(libc_a-vfiprintf.o)
                0x08005728                __sprint_r
 .text._vfiprintf_r
                0x0800573c      0xf9c d:/toolchain_supports/arm-gnu-toolchain-12.2.mpacbti-rel1-mingw-w64-i686-arm-none-eabi/bin/../lib/gcc/arm-none-eabi/12.2.1/thumb/v7-m/nofp\libg.a(libc_a-vfiprintf.o)
                0x0800573c                _vfiprintf_r
 .text.__sbprintf
                0x080066d8       0x80 d:/toolchain_supports/arm-gnu-toolchain-12.2.mpacbti-rel1-mingw-w64-i686-arm-none-eabi/bin/../lib/gcc/arm-none-eabi/12.2.1/thumb/v7-m/nofp\libg.a(libc_a-vfiprintf.o)
 .text._fclose_r
                0x08006758       0xc0 d:/toolchain_supports/arm-gnu-toolchain-12.2.mpacbti-rel1-mingw-w64-i686-arm-none-eabi/bin/../lib/gcc/arm-none-eabi/12.2.1/thumb/v7-m/nofp\libg.a(libc_a-fclose.o)
                0x08006758                _fclose_r
 .text.__sflush_r
                0x08006818      0x128 d:/toolchain_supports/arm-gnu-toolchain-12.2.mpacbti-rel1-mingw-w64-i686-arm-none-eabi/bin/../lib/gcc/arm-none-eabi/12.2.1/thumb/v7-m/nofp\libg.a(libc_a-fflush.o)
                0x08006818                __sflush_r
 .text._fflush_r
                0x08006940       0x54 d:/toolchain_supports/arm-gnu-toolchain-12.2.mpacbti-rel1-mingw-w64-i686-arm-none-eabi/bin/../lib/gcc/arm-none-eabi/12.2.1/thumb/v7-m/nofp\libg.a(libc_a-fflush.o)
                0x08006940                _fflush_r
 .text.__sfvwrite_r
                0x08006994      0x2ec d:/toolchain_supports/arm-gnu-toolchain-12.2.mpacbti-rel1-mingw-w64-i686-arm-none-eabi/bin/../lib/gcc/arm-none-eabi/12.2.1/thumb/v7-m/nofp\libg.a(libc_a-fvwrite.o)
                0x08006994                __sfvwrite_r
 .text.__swsetup_r
                0x08006c80       0xc0 d:/toolchain_supports/arm-gnu-toolchain-12.2.mpacbti-rel1-mingw-w64-i686-arm-none-eabi/bin/../lib/gcc/arm-none-eabi/12.2.1/thumb/v7-m/nofp\libg.a(libc_a-wsetup.o)
                0x08006c80                __swsetup_r
 .text.__fputwc
                0x08006d40       0x7c d:/toolchain_supports/arm-gnu-toolchain-12.2.mpacbti-rel1-mingw-w64-i686-arm-none-eabi/bin/../lib/gcc/arm-none-eabi/12.2.1/thumb/v7-m/nofp\libg.a(libc_a-fputwc.o)
                0x08006d40                __fputwc
 .text._fputwc_r
                0x08006dbc       0x60 d:/toolchain_supports/arm-gnu-toolchain-12.2.mpacbti-rel1-mingw-w64-i686-arm-none-eabi/bin/../lib/gcc/arm-none-eabi/12.2.1/thumb/v7-m/nofp\libg.a(libc_a-fputwc.o)
                0x08006dbc                _fputwc_r
 .text.memmove  0x08006e1c       0xfc d:/toolchain_supports/arm-gnu-toolchain-12.2.mpacbti-rel1-mingw-w64-i686-arm-none-eabi/bin/../lib/gcc/arm-none-eabi/12.2.1/thumb/v7-m/nofp\libg.a(libc_a-memmove.o)
                0x08006e1c                memmove
 .text.strncpy  0x08006f18       0x6c d:/toolchain_supports/arm-gnu-toolchain-12.2.mpacbti-rel1-mingw-w64-i686-arm-none-eabi/bin/../lib/gcc/arm-none-eabi/12.2.1/thumb/v7-m/nofp\libg.a(libc_a-strncpy.o)
                0x08006f18                strncpy
 .text.__locale_mb_cur_max
                0x08006f84        0xc d:/toolchain_supports/arm-gnu-toolchain-12.2.mpacbti-rel1-mingw-w64-i686-arm-none-eabi/bin/../lib/gcc/arm-none-eabi/12.2.1/thumb/v7-m/nofp\libg.a(libc_a-locale.o)
                0x08006f84                __locale_mb_cur_max
 .text._localeconv_r
                0x08006f90        0x8 d:/toolchain_supports/arm-gnu-toolchain-12.2.mpacbti-rel1-mingw-w64-i686-arm-none-eabi/bin/../lib/gcc/arm-none-eabi/12.2.1/thumb/v7-m/nofp\libg.a(libc_a-localeconv.o)
                0x08006f90                _localeconv_r
 .text._sbrk_r  0x08006f98       0x24 d:/toolchain_supports/arm-gnu-toolchain-12.2.mpacbti-rel1-mingw-w64-i686-arm-none-eabi/bin/../lib/gcc/arm-none-eabi/12.2.1/thumb/v7-m/nofp\libg.a(libc_a-sbrkr.o)
                0x08006f98                _sbrk_r
 .text.__libc_fini_array
                0x08006fbc       0x28 d:/toolchain_supports/arm-gnu-toolchain-12.2.mpacbti-rel1-mingw-w64-i686-arm-none-eabi/bin/../lib/gcc/arm-none-eabi/12.2.1/thumb/v7-m/nofp\libg.a(libc_a-fini.o)
                0x08006fbc                __libc_fini_array
 .text.sysconf  0x08006fe4       0x1c d:/toolchain_supports/arm-gnu-toolchain-12.2.mpacbti-rel1-mingw-w64-i686-arm-none-eabi/bin/../lib/gcc/arm-none-eabi/12.2.1/thumb/v7-m/nofp\libg.a(libc_a-sysconf.o)
                0x08006fe4                sysconf
 .text.memchr   0x08007000       0x98 d:/toolchain_supports/arm-gnu-toolchain-12.2.mpacbti-rel1-mingw-w64-i686-arm-none-eabi/bin/../lib/gcc/arm-none-eabi/12.2.1/thumb/v7-m/nofp\libg.a(libc_a-memchr-stub.o)
                0x08007000                memchr
 .text.strlen   0x08007098       0x5c d:/toolchain_supports/arm-gnu-toolchain-12.2.mpacbti-rel1-mingw-w64-i686-arm-none-eabi/bin/../lib/gcc/arm-none-eabi/12.2.1/thumb/v7-m/nofp\libg.a(libc_a-strlen-stub.o)
                0x08007098                strlen
 .text.frexp    0x080070f4       0x70 d:/toolchain_supports/arm-gnu-toolchain-12.2.mpacbti-rel1-mingw-w64-i686-arm-none-eabi/bin/../lib/gcc/arm-none-eabi/12.2.1/thumb/v7-m/nofp\libg.a(libm_a-s_frexp.o)
                0x080070f4                frexp
 .text.__register_exitproc
                0x08007164       0x80 d:/toolchain_supports/arm-gnu-toolchain-12.2.mpacbti-rel1-mingw-w64-i686-arm-none-eabi/bin/../lib/gcc/arm-none-eabi/12.2.1/thumb/v7-m/nofp\libg.a(libc_a-__atexit.o)
                0x08007164                __register_exitproc
 .text.quorem   0x080071e4      0x13c d:/toolchain_supports/arm-gnu-toolchain-12.2.mpacbti-rel1-mingw-w64-i686-arm-none-eabi/bin/../lib/gcc/arm-none-eabi/12.2.1/thumb/v7-m/nofp\libg.a(libc_a-dtoa.o)
 .text._dtoa_r  0x08007320      0xe54 d:/toolchain_supports/arm-gnu-toolchain-12.2.mpacbti-rel1-mingw-w64-i686-arm-none-eabi/bin/../lib/gcc/arm-none-eabi/12.2.1/thumb/v7-m/nofp\libg.a(libc_a-dtoa.o)
                0x08007320                _dtoa_r
 .text.__ascii_mbtowc
                0x08008174       0x2c d:/toolchain_supports/arm-gnu-toolchain-12.2.mpacbti-rel1-mingw-w64-i686-arm-none-eabi/bin/../lib/gcc/arm-none-eabi/12.2.1/thumb/v7-m/nofp\libg.a(libc_a-mbtowc_r.o)
                0x08008174                __ascii_mbtowc
 .text._Balloc  0x080081a0       0x4c d:/toolchain_supports/arm-gnu-toolchain-12.2.mpacbti-rel1-mingw-w64-i686-arm-none-eabi/bin/../lib/gcc/arm-none-eabi/12.2.1/thumb/v7-m/nofp\libg.a(libc_a-mprec.o)
                0x080081a0                _Balloc
 .text._Bfree   0x080081ec       0x14 d:/toolchain_supports/arm-gnu-toolchain-12.2.mpacbti-rel1-mingw-w64-i686-arm-none-eabi/bin/../lib/gcc/arm-none-eabi/12.2.1/thumb/v7-m/nofp\libg.a(libc_a-mprec.o)
                0x080081ec                _Bfree
 .text.__multadd
                0x08008200       0xa4 d:/toolchain_supports/arm-gnu-toolchain-12.2.mpacbti-rel1-mingw-w64-i686-arm-none-eabi/bin/../lib/gcc/arm-none-eabi/12.2.1/thumb/v7-m/nofp\libg.a(libc_a-mprec.o)
                0x08008200                __multadd
 .text.__hi0bits
                0x080082a4       0x44 d:/toolchain_supports/arm-gnu-toolchain-12.2.mpacbti-rel1-mingw-w64-i686-arm-none-eabi/bin/../lib/gcc/arm-none-eabi/12.2.1/thumb/v7-m/nofp\libg.a(libc_a-mprec.o)
                0x080082a4                __hi0bits
 .text.__lo0bits
                0x080082e8       0x5c d:/toolchain_supports/arm-gnu-toolchain-12.2.mpacbti-rel1-mingw-w64-i686-arm-none-eabi/bin/../lib/gcc/arm-none-eabi/12.2.1/thumb/v7-m/nofp\libg.a(libc_a-mprec.o)
                0x080082e8                __lo0bits
 .text.__i2b    0x08008344       0x5c d:/toolchain_supports/arm-gnu-toolchain-12.2.mpacbti-rel1-mingw-w64-i686-arm-none-eabi/bin/../lib/gcc/arm-none-eabi/12.2.1/thumb/v7-m/nofp\libg.a(libc_a-mprec.o)
                0x08008344                __i2b
 .text.__multiply
                0x080083a0      0x164 d:/toolchain_supports/arm-gnu-toolchain-12.2.mpacbti-rel1-mingw-w64-i686-arm-none-eabi/bin/../lib/gcc/arm-none-eabi/12.2.1/thumb/v7-m/nofp\libg.a(libc_a-mprec.o)
                0x080083a0                __multiply
 .text.__pow5mult
                0x08008504       0xb4 d:/toolchain_supports/arm-gnu-toolchain-12.2.mpacbti-rel1-mingw-w64-i686-arm-none-eabi/bin/../lib/gcc/arm-none-eabi/12.2.1/thumb/v7-m/nofp\libg.a(libc_a-mprec.o)
                0x08008504                __pow5mult
 .text.__lshift
                0x080085b8       0xec d:/toolchain_supports/arm-gnu-toolchain-12.2.mpacbti-rel1-mingw-w64-i686-arm-none-eabi/bin/../lib/gcc/arm-none-eabi/12.2.1/thumb/v7-m/nofp\libg.a(libc_a-mprec.o)
                0x080085b8                __lshift
 .text.__mcmp   0x080086a4       0x40 d:/toolchain_supports/arm-gnu-toolchain-12.2.mpacbti-rel1-mingw-w64-i686-arm-none-eabi/bin/../lib/gcc/arm-none-eabi/12.2.1/thumb/v7-m/nofp\libg.a(libc_a-mprec.o)
                0x080086a4                __mcmp
 .text.__mdiff  0x080086e4      0x160 d:/toolchain_supports/arm-gnu-toolchain-12.2.mpacbti-rel1-mingw-w64-i686-arm-none-eabi/bin/../lib/gcc/arm-none-eabi/12.2.1/thumb/v7-m/nofp\libg.a(libc_a-mprec.o)
                0x080086e4                __mdiff
 .text.__d2b    0x08008844       0xbc d:/toolchain_supports/arm-gnu-toolchain-12.2.mpacbti-rel1-mingw-w64-i686-arm-none-eabi/bin/../lib/gcc/arm-none-eabi/12.2.1/thumb/v7-m/nofp\libg.a(libc_a-mprec.o)
                0x08008844                __d2b
 .text._realloc_r
                0x08008900      0x34c d:/toolchain_supports/arm-gnu-toolchain-12.2.mpacbti-rel1-mingw-w64-i686-arm-none-eabi/bin/../lib/gcc/arm-none-eabi/12.2.1/thumb/v7-m/nofp\libg.a(libc_a-reallocr.o)
                0x08008900                _realloc_r
 .text.__ascii_wctomb
                0x08008c4c       0x1c d:/toolchain_supports/arm-gnu-toolchain-12.2.mpacbti-rel1-mingw-w64-i686-arm-none-eabi/bin/../lib/gcc/arm-none-eabi/12.2.1/thumb/v7-m/nofp\libg.a(libc_a-wctomb_r.o)
                0x08008c4c                __ascii_wctomb
 .text._wcrtomb_r
                0x08008c68       0x4c d:/toolchain_supports/arm-gnu-toolchain-12.2.mpacbti-rel1-mingw-w64-i686-arm-none-eabi/bin/../lib/gcc/arm-none-eabi/12.2.1/thumb/v7-m/nofp\libg.a(libc_a-wcrtomb.o)
                0x08008c68                _wcrtomb_r
 .text._wcsrtombs_r
                0x08008cb4       0x18 d:/toolchain_supports/arm-gnu-toolchain-12.2.mpacbti-rel1-mingw-w64-i686-arm-none-eabi/bin/../lib/gcc/arm-none-eabi/12.2.1/thumb/v7-m/nofp\libg.a(libc_a-wcsrtombs.o)
                0x08008cb4                _wcsrtombs_r
 .text.__smakebuf_r
                0x08008ccc       0xdc d:/toolchain_supports/arm-gnu-toolchain-12.2.mpacbti-rel1-mingw-w64-i686-arm-none-eabi/bin/../lib/gcc/arm-none-eabi/12.2.1/thumb/v7-m/nofp\libg.a(libc_a-makebuf.o)
                0x08008ccc                __smakebuf_r
 .text.__swbuf_r
                0x08008da8       0xac d:/toolchain_supports/arm-gnu-toolchain-12.2.mpacbti-rel1-mingw-w64-i686-arm-none-eabi/bin/../lib/gcc/arm-none-eabi/12.2.1/thumb/v7-m/nofp\libg.a(libc_a-wbuf.o)
                0x08008da8                __swbuf_r
 .text._fstat_r
                0x08008e54       0x28 d:/toolchain_supports/arm-gnu-toolchain-12.2.mpacbti-rel1-mingw-w64-i686-arm-none-eabi/bin/../lib/gcc/arm-none-eabi/12.2.1/thumb/v7-m/nofp\libg.a(libc_a-fstatr.o)
                0x08008e54                _fstat_r
 .text._isatty_r
                0x08008e7c       0x24 d:/toolchain_supports/arm-gnu-toolchain-12.2.mpacbti-rel1-mingw-w64-i686-arm-none-eabi/bin/../lib/gcc/arm-none-eabi/12.2.1/thumb/v7-m/nofp\libg.a(libc_a-isattyr.o)
                0x08008e7c                _isatty_r
 .text.__assert_func
                0x08008ea0       0x40 d:/toolchain_supports/arm-gnu-toolchain-12.2.mpacbti-rel1-mingw-w64-i686-arm-none-eabi/bin/../lib/gcc/arm-none-eabi/12.2.1/thumb/v7-m/nofp\libg.a(libc_a-assert.o)
                0x08008ea0                __assert_func
 .text._calloc_r
                0x08008ee0       0x6c d:/toolchain_supports/arm-gnu-toolchain-12.2.mpacbti-rel1-mingw-w64-i686-arm-none-eabi/bin/../lib/gcc/arm-none-eabi/12.2.1/thumb/v7-m/nofp\libg.a(libc_a-callocr.o)
                0x08008ee0                _calloc_r
 .text._wcsnrtombs_l
                0x08008f4c       0xec d:/toolchain_supports/arm-gnu-toolchain-12.2.mpacbti-rel1-mingw-w64-i686-arm-none-eabi/bin/../lib/gcc/arm-none-eabi/12.2.1/thumb/v7-m/nofp\libg.a(libc_a-wcsnrtombs.o)
                0x08008f4c                _wcsnrtombs_l
 .text._wcsnrtombs_r
                0x08009038       0x24 d:/toolchain_supports/arm-gnu-toolchain-12.2.mpacbti-rel1-mingw-w64-i686-arm-none-eabi/bin/../lib/gcc/arm-none-eabi/12.2.1/thumb/v7-m/nofp\libg.a(libc_a-wcsnrtombs.o)
                0x08009038                _wcsnrtombs_r
 .text.fiprintf
                0x0800905c       0x28 d:/toolchain_supports/arm-gnu-toolchain-12.2.mpacbti-rel1-mingw-w64-i686-arm-none-eabi/bin/../lib/gcc/arm-none-eabi/12.2.1/thumb/v7-m/nofp\libg.a(libc_a-fiprintf.o)
                0x0800905c                fiprintf
 .text.abort    0x08009084       0x10 d:/toolchain_supports/arm-gnu-toolchain-12.2.mpacbti-rel1-mingw-w64-i686-arm-none-eabi/bin/../lib/gcc/arm-none-eabi/12.2.1/thumb/v7-m/nofp\libg.a(libc_a-abort.o)
                0x08009084                abort
 .text.raise    0x08009094       0x58 d:/toolchain_supports/arm-gnu-toolchain-12.2.mpacbti-rel1-mingw-w64-i686-arm-none-eabi/bin/../lib/gcc/arm-none-eabi/12.2.1/thumb/v7-m/nofp\libg.a(libc_a-signal.o)
                0x08009094                raise
 .text._kill_r  0x080090ec       0x28 d:/toolchain_supports/arm-gnu-toolchain-12.2.mpacbti-rel1-mingw-w64-i686-arm-none-eabi/bin/../lib/gcc/arm-none-eabi/12.2.1/thumb/v7-m/nofp\libg.a(libc_a-signalr.o)
                0x080090ec                _kill_r
 .text._getpid_r
                0x08009114        0x4 d:/toolchain_supports/arm-gnu-toolchain-12.2.mpacbti-rel1-mingw-w64-i686-arm-none-eabi/bin/../lib/gcc/arm-none-eabi/12.2.1/thumb/v7-m/nofp\libg.a(libc_a-signalr.o)
                0x08009114                _getpid_r
 *(.glue_7)
 .glue_7        0x08009118        0x0 linker stubs
 *(.glue_7t)
 .glue_7t       0x08009118        0x0 linker stubs
 *(.eh_frame)
 .eh_frame      0x08009118        0x0 d:/toolchain_supports/arm-gnu-toolchain-12.2.mpacbti-rel1-mingw-w64-i686-arm-none-eabi/bin/../lib/gcc/arm-none-eabi/12.2.1/thumb/v7-m/nofp/crtbegin.o
 *(.init)
 .init          0x08009118        0x4 d:/toolchain_supports/arm-gnu-toolchain-12.2.mpacbti-rel1-mingw-w64-i686-arm-none-eabi/bin/../lib/gcc/arm-none-eabi/12.2.1/thumb/v7-m/nofp/crti.o
                0x08009118                _init
 .init          0x0800911c        0x8 d:/toolchain_supports/arm-gnu-toolchain-12.2.mpacbti-rel1-mingw-w64-i686-arm-none-eabi/bin/../lib/gcc/arm-none-eabi/12.2.1/thumb/v7-m/nofp/crtn.o
 *(.fini)
 .fini          0x08009124        0x4 d:/toolchain_supports/arm-gnu-toolchain-12.2.mpacbti-rel1-mingw-w64-i686-arm-none-eabi/bin/../lib/gcc/arm-none-eabi/12.2.1/thumb/v7-m/nofp/crti.o
                0x08009124                _fini
 .fini          0x08009128        0x8 d:/toolchain_supports/arm-gnu-toolchain-12.2.mpacbti-rel1-mingw-w64-i686-arm-none-eabi/bin/../lib/gcc/arm-none-eabi/12.2.1/thumb/v7-m/nofp/crtn.o
                0x08009130                        . = ALIGN (0x4)
                0x08009130                        _etext = .

.vfp11_veneer   0x08009130        0x0
 .vfp11_veneer  0x08009130        0x0 linker stubs

.v4_bx          0x08009130        0x0
 .v4_bx         0x08009130        0x0 linker stubs

.iplt           0x08009130        0x0
 .iplt          0x08009130        0x0 d:/toolchain_supports/arm-gnu-toolchain-12.2.mpacbti-rel1-mingw-w64-i686-arm-none-eabi/bin/../lib/gcc/arm-none-eabi/12.2.1/thumb/v7-m/nofp/crtbegin.o

.rodata         0x08009130      0x43c
                0x08009130                        . = ALIGN (0x4)
 *(.rodata)
 *(.rodata*)
 .rodata.HAL_TIM_PeriodElapsedCallback.str1.4
                0x08009130       0x14 CMakeFiles/ADC_DMA.elf.dir/Core/Src/main.c.obj
 .rodata.APBPrescTable
                0x08009144        0x8 CMakeFiles/ADC_DMA.elf.dir/Core/Src/system_stm32f1xx.c.obj
                0x08009144                APBPrescTable
 .rodata.AHBPrescTable
                0x0800914c       0x10 CMakeFiles/ADC_DMA.elf.dir/Core/Src/system_stm32f1xx.c.obj
                0x0800914c                AHBPrescTable
 .rodata.aPredivFactorTable.0
                0x0800915c        0x2 CMakeFiles/ADC_DMA.elf.dir/Drivers/STM32F1xx_HAL_Driver/Src/stm32f1xx_hal_rcc.c.obj
 *fill*         0x0800915e        0x2 
 .rodata.aPLLMULFactorTable.1
                0x08009160       0x10 CMakeFiles/ADC_DMA.elf.dir/Drivers/STM32F1xx_HAL_Driver/Src/stm32f1xx_hal_rcc.c.obj
 .rodata._vfprintf_r.str1.4
                0x08009170       0x42 d:/toolchain_supports/arm-gnu-toolchain-12.2.mpacbti-rel1-mingw-w64-i686-arm-none-eabi/bin/../lib/gcc/arm-none-eabi/12.2.1/thumb/v7-m/nofp\libg.a(libc_a-vfprintf.o)
 *fill*         0x080091b2        0x2 
 .rodata.zeroes.0
                0x080091b4       0x10 d:/toolchain_supports/arm-gnu-toolchain-12.2.mpacbti-rel1-mingw-w64-i686-arm-none-eabi/bin/../lib/gcc/arm-none-eabi/12.2.1/thumb/v7-m/nofp\libg.a(libc_a-vfprintf.o)
 .rodata.blanks.1
                0x080091c4       0x10 d:/toolchain_supports/arm-gnu-toolchain-12.2.mpacbti-rel1-mingw-w64-i686-arm-none-eabi/bin/../lib/gcc/arm-none-eabi/12.2.1/thumb/v7-m/nofp\libg.a(libc_a-vfprintf.o)
 .rodata._vfiprintf_r.str1.4
                0x080091d4       0x2f d:/toolchain_supports/arm-gnu-toolchain-12.2.mpacbti-rel1-mingw-w64-i686-arm-none-eabi/bin/../lib/gcc/arm-none-eabi/12.2.1/thumb/v7-m/nofp\libg.a(libc_a-vfiprintf.o)
 .rodata.zeroes.0
                0x080091d4       0x10 d:/toolchain_supports/arm-gnu-toolchain-12.2.mpacbti-rel1-mingw-w64-i686-arm-none-eabi/bin/../lib/gcc/arm-none-eabi/12.2.1/thumb/v7-m/nofp\libg.a(libc_a-vfiprintf.o)
 .rodata.blanks.1
                0x080091e4       0x10 d:/toolchain_supports/arm-gnu-toolchain-12.2.mpacbti-rel1-mingw-w64-i686-arm-none-eabi/bin/../lib/gcc/arm-none-eabi/12.2.1/thumb/v7-m/nofp\libg.a(libc_a-vfiprintf.o)
 .rodata.str1.4
                0x080091f4       0x48 d:/toolchain_supports/arm-gnu-toolchain-12.2.mpacbti-rel1-mingw-w64-i686-arm-none-eabi/bin/../lib/gcc/arm-none-eabi/12.2.1/thumb/v7-m/nofp\libg.a(libc_a-locale.o)
                                 0x4c (size before relaxing)
 .rodata._dtoa_r.str1.4
                0x0800923c       0x85 d:/toolchain_supports/arm-gnu-toolchain-12.2.mpacbti-rel1-mingw-w64-i686-arm-none-eabi/bin/../lib/gcc/arm-none-eabi/12.2.1/thumb/v7-m/nofp\libg.a(libc_a-dtoa.o)
                                 0x89 (size before relaxing)
 *fill*         0x080092c1        0x3 
 .rodata.__multadd.str1.4
                0x080092c4       0x62 d:/toolchain_supports/arm-gnu-toolchain-12.2.mpacbti-rel1-mingw-w64-i686-arm-none-eabi/bin/../lib/gcc/arm-none-eabi/12.2.1/thumb/v7-m/nofp\libg.a(libc_a-mprec.o)
                                 0x76 (size before relaxing)
 *fill*         0x08009326        0x2 
 .rodata.p05.0  0x08009328        0xc d:/toolchain_supports/arm-gnu-toolchain-12.2.mpacbti-rel1-mingw-w64-i686-arm-none-eabi/bin/../lib/gcc/arm-none-eabi/12.2.1/thumb/v7-m/nofp\libg.a(libc_a-mprec.o)
 *fill*         0x08009334        0x4 
 .rodata.__mprec_bigtens
                0x08009338       0x28 d:/toolchain_supports/arm-gnu-toolchain-12.2.mpacbti-rel1-mingw-w64-i686-arm-none-eabi/bin/../lib/gcc/arm-none-eabi/12.2.1/thumb/v7-m/nofp\libg.a(libc_a-mprec.o)
                0x08009338                __mprec_bigtens
 .rodata.__mprec_tens
                0x08009360       0xc8 d:/toolchain_supports/arm-gnu-toolchain-12.2.mpacbti-rel1-mingw-w64-i686-arm-none-eabi/bin/../lib/gcc/arm-none-eabi/12.2.1/thumb/v7-m/nofp\libg.a(libc_a-mprec.o)
                0x08009360                __mprec_tens
 .rodata._ctype_
                0x08009428      0x101 d:/toolchain_supports/arm-gnu-toolchain-12.2.mpacbti-rel1-mingw-w64-i686-arm-none-eabi/bin/../lib/gcc/arm-none-eabi/12.2.1/thumb/v7-m/nofp\libg.a(libc_a-ctype_.o)
                0x08009428                _ctype_
 *fill*         0x08009529        0x3 
 .rodata.__assert_func.str1.4
                0x0800952c       0x3f d:/toolchain_supports/arm-gnu-toolchain-12.2.mpacbti-rel1-mingw-w64-i686-arm-none-eabi/bin/../lib/gcc/arm-none-eabi/12.2.1/thumb/v7-m/nofp\libg.a(libc_a-assert.o)
                                 0x43 (size before relaxing)
                0x0800956c                        . = ALIGN (0x4)
 *fill*         0x0800956b        0x1 

.ARM.extab      0x0800956c        0x0
                0x0800956c                        . = ALIGN (0x4)
 *(.ARM.extab* .gnu.linkonce.armextab.*)
                0x0800956c                        . = ALIGN (0x4)

.ARM            0x0800956c        0x8
                0x0800956c                        . = ALIGN (0x4)
                0x0800956c                        __exidx_start = .
 *(.ARM.exidx*)
 .ARM.exidx     0x0800956c        0x8 d:/toolchain_supports/arm-gnu-toolchain-12.2.mpacbti-rel1-mingw-w64-i686-arm-none-eabi/bin/../lib/gcc/arm-none-eabi/12.2.1/thumb/v7-m/nofp\libg.a(libc_a-memcpy.o)
                0x08009574                        __exidx_end = .
                0x08009574                        . = ALIGN (0x4)

.rel.dyn        0x08009574        0x0
 .rel.iplt      0x08009574        0x0 d:/toolchain_supports/arm-gnu-toolchain-12.2.mpacbti-rel1-mingw-w64-i686-arm-none-eabi/bin/../lib/gcc/arm-none-eabi/12.2.1/thumb/v7-m/nofp/crtbegin.o

.preinit_array  0x08009574        0x0
                0x08009574                        . = ALIGN (0x4)
                0x08009574                        PROVIDE (__preinit_array_start = .)
 *(.preinit_array*)
                0x08009574                        PROVIDE (__preinit_array_end = .)
                0x08009574                        . = ALIGN (0x4)

.init_array     0x08009574        0x8
                0x08009574                        . = ALIGN (0x4)
                0x08009574                        PROVIDE (__init_array_start = .)
 *(SORT_BY_NAME(.init_array.*))
 .init_array.00000
                0x08009574        0x4 d:/toolchain_supports/arm-gnu-toolchain-12.2.mpacbti-rel1-mingw-w64-i686-arm-none-eabi/bin/../lib/gcc/arm-none-eabi/12.2.1/thumb/v7-m/nofp\libg.a(libc_a-__call_atexit.o)
 *(.init_array*)
 .init_array    0x08009578        0x4 d:/toolchain_supports/arm-gnu-toolchain-12.2.mpacbti-rel1-mingw-w64-i686-arm-none-eabi/bin/../lib/gcc/arm-none-eabi/12.2.1/thumb/v7-m/nofp/crtbegin.o
                0x0800957c                        PROVIDE (__init_array_end = .)
                0x0800957c                        . = ALIGN (0x4)

.fini_array     0x0800957c        0x4
                0x0800957c                        . = ALIGN (0x4)
                0x0800957c                        PROVIDE (__fini_array_start = .)
 *(SORT_BY_NAME(.fini_array.*))
 *(.fini_array*)
 .fini_array    0x0800957c        0x4 d:/toolchain_supports/arm-gnu-toolchain-12.2.mpacbti-rel1-mingw-w64-i686-arm-none-eabi/bin/../lib/gcc/arm-none-eabi/12.2.1/thumb/v7-m/nofp/crtbegin.o
                0x08009580                        PROVIDE (__fini_array_end = .)
                0x08009580                        . = ALIGN (0x4)
                0x08009580                        _sidata = LOADADDR (.data)

.data           0x20000000      0x6c4 load address 0x08009580
                0x20000000                        . = ALIGN (0x4)
                0x20000000                        _sdata = .
 *(.data)
 *(.data*)
 .data.bLoose   0x20000000        0x4 CMakeFiles/ADC_DMA.elf.dir/Core/Src/main.c.obj
                0x20000000                bLoose
 .data.SystemCoreClock
                0x20000004        0x4 CMakeFiles/ADC_DMA.elf.dir/Core/Src/system_stm32f1xx.c.obj
                0x20000004                SystemCoreClock
 .data.uwTickFreq
                0x20000008        0x1 CMakeFiles/ADC_DMA.elf.dir/Drivers/STM32F1xx_HAL_Driver/Src/stm32f1xx_hal.c.obj
                0x20000008                uwTickFreq
 *fill*         0x20000009        0x3 
 .data.uwTickPrio
                0x2000000c        0x4 CMakeFiles/ADC_DMA.elf.dir/Drivers/STM32F1xx_HAL_Driver/Src/stm32f1xx_hal.c.obj
                0x2000000c                uwTickPrio
 .data.__sglue  0x20000010        0xc d:/toolchain_supports/arm-gnu-toolchain-12.2.mpacbti-rel1-mingw-w64-i686-arm-none-eabi/bin/../lib/gcc/arm-none-eabi/12.2.1/thumb/v7-m/nofp\libg.a(libc_a-findfp.o)
                0x20000010                __sglue
 .data._impure_ptr
                0x2000001c        0x4 d:/toolchain_supports/arm-gnu-toolchain-12.2.mpacbti-rel1-mingw-w64-i686-arm-none-eabi/bin/../lib/gcc/arm-none-eabi/12.2.1/thumb/v7-m/nofp\libg.a(libc_a-impure.o)
                0x2000001c                _impure_ptr
 .data._impure_data
                0x20000020      0x120 d:/toolchain_supports/arm-gnu-toolchain-12.2.mpacbti-rel1-mingw-w64-i686-arm-none-eabi/bin/../lib/gcc/arm-none-eabi/12.2.1/thumb/v7-m/nofp\libg.a(libc_a-impure.o)
                0x20000020                _impure_data
 .data.__atexit_recursive_mutex
                0x20000140        0x4 d:/toolchain_supports/arm-gnu-toolchain-12.2.mpacbti-rel1-mingw-w64-i686-arm-none-eabi/bin/../lib/gcc/arm-none-eabi/12.2.1/thumb/v7-m/nofp\libg.a(libc_a-__call_atexit.o)
                0x20000140                __atexit_recursive_mutex
 .data.__malloc_sbrk_base
                0x20000144        0x4 d:/toolchain_supports/arm-gnu-toolchain-12.2.mpacbti-rel1-mingw-w64-i686-arm-none-eabi/bin/../lib/gcc/arm-none-eabi/12.2.1/thumb/v7-m/nofp\libg.a(libc_a-mallocr.o)
                0x20000144                __malloc_sbrk_base
 .data.__malloc_trim_threshold
                0x20000148        0x4 d:/toolchain_supports/arm-gnu-toolchain-12.2.mpacbti-rel1-mingw-w64-i686-arm-none-eabi/bin/../lib/gcc/arm-none-eabi/12.2.1/thumb/v7-m/nofp\libg.a(libc_a-mallocr.o)
                0x20000148                __malloc_trim_threshold
 *fill*         0x2000014c        0x4 
 .data.__malloc_av_
                0x20000150      0x408 d:/toolchain_supports/arm-gnu-toolchain-12.2.mpacbti-rel1-mingw-w64-i686-arm-none-eabi/bin/../lib/gcc/arm-none-eabi/12.2.1/thumb/v7-m/nofp\libg.a(libc_a-mallocr.o)
                0x20000150                __malloc_av_
 .data.__global_locale
                0x20000558      0x16c d:/toolchain_supports/arm-gnu-toolchain-12.2.mpacbti-rel1-mingw-w64-i686-arm-none-eabi/bin/../lib/gcc/arm-none-eabi/12.2.1/thumb/v7-m/nofp\libg.a(libc_a-locale.o)
                0x20000558                __global_locale
 *(.RamFunc)
 *(.RamFunc*)
                0x200006c4                        . = ALIGN (0x4)
                0x200006c4                        _edata = .

.tm_clone_table
                0x200006c4        0x0 load address 0x08009c44
 .tm_clone_table
                0x200006c4        0x0 d:/toolchain_supports/arm-gnu-toolchain-12.2.mpacbti-rel1-mingw-w64-i686-arm-none-eabi/bin/../lib/gcc/arm-none-eabi/12.2.1/thumb/v7-m/nofp/crtbegin.o
 .tm_clone_table
                0x200006c4        0x0 d:/toolchain_supports/arm-gnu-toolchain-12.2.mpacbti-rel1-mingw-w64-i686-arm-none-eabi/bin/../lib/gcc/arm-none-eabi/12.2.1/thumb/v7-m/nofp/crtend.o

.igot.plt       0x200006c4        0x0 load address 0x08009c44
 .igot.plt      0x200006c4        0x0 d:/toolchain_supports/arm-gnu-toolchain-12.2.mpacbti-rel1-mingw-w64-i686-arm-none-eabi/bin/../lib/gcc/arm-none-eabi/12.2.1/thumb/v7-m/nofp/crtbegin.o
                0x200006c4                        . = ALIGN (0x4)

.bss            0x200006c4      0x454 load address 0x08009c44
                0x200006c4                        _sbss = .
                0x200006c4                        __bss_start__ = _sbss
 *(.bss)
 *(.bss*)
 .bss.completed.1
                0x200006c4        0x1 d:/toolchain_supports/arm-gnu-toolchain-12.2.mpacbti-rel1-mingw-w64-i686-arm-none-eabi/bin/../lib/gcc/arm-none-eabi/12.2.1/thumb/v7-m/nofp/crtbegin.o
 *fill*         0x200006c5        0x3 
 .bss.object.0  0x200006c8       0x18 d:/toolchain_supports/arm-gnu-toolchain-12.2.mpacbti-rel1-mingw-w64-i686-arm-none-eabi/bin/../lib/gcc/arm-none-eabi/12.2.1/thumb/v7-m/nofp/crtbegin.o
 .bss.hdma_adc1
                0x200006e0       0x44 CMakeFiles/ADC_DMA.elf.dir/Core/Src/adc.c.obj
                0x200006e0                hdma_adc1
 .bss.hadc1     0x20000724       0x30 CMakeFiles/ADC_DMA.elf.dir/Core/Src/adc.c.obj
                0x20000724                hadc1
 .bss.LightingTime
                0x20000754        0x4 CMakeFiles/ADC_DMA.elf.dir/Core/Src/main.c.obj
                0x20000754                LightingTime
 .bss.adc_simple_value
                0x20000758        0x6 CMakeFiles/ADC_DMA.elf.dir/Core/Src/main.c.obj
                0x20000758                adc_simple_value
 *fill*         0x2000075e        0x2 
 .bss.ADC_Value
                0x20000760        0xc CMakeFiles/ADC_DMA.elf.dir/Core/Src/main.c.obj
                0x20000760                ADC_Value
 .bss.__sbrk_heap_end
                0x2000076c        0x4 CMakeFiles/ADC_DMA.elf.dir/Core/Src/sysmem.c.obj
 .bss.htim2     0x20000770       0x48 CMakeFiles/ADC_DMA.elf.dir/Core/Src/tim.c.obj
                0x20000770                htim2
 .bss.huart1    0x200007b8       0x48 CMakeFiles/ADC_DMA.elf.dir/Core/Src/usart.c.obj
                0x200007b8                huart1
 .bss.uwTick    0x20000800        0x4 CMakeFiles/ADC_DMA.elf.dir/Drivers/STM32F1xx_HAL_Driver/Src/stm32f1xx_hal.c.obj
                0x20000800                uwTick
 .bss.__sf      0x20000804      0x138 d:/toolchain_supports/arm-gnu-toolchain-12.2.mpacbti-rel1-mingw-w64-i686-arm-none-eabi/bin/../lib/gcc/arm-none-eabi/12.2.1/thumb/v7-m/nofp\libg.a(libc_a-findfp.o)
                0x20000804                __sf
 .bss.__stdio_exit_handler
                0x2000093c        0x4 d:/toolchain_supports/arm-gnu-toolchain-12.2.mpacbti-rel1-mingw-w64-i686-arm-none-eabi/bin/../lib/gcc/arm-none-eabi/12.2.1/thumb/v7-m/nofp\libg.a(libc_a-findfp.o)
                0x2000093c                __stdio_exit_handler
 .bss.errno     0x20000940        0x4 d:/toolchain_supports/arm-gnu-toolchain-12.2.mpacbti-rel1-mingw-w64-i686-arm-none-eabi/bin/../lib/gcc/arm-none-eabi/12.2.1/thumb/v7-m/nofp\libg.a(libc_a-reent.o)
                0x20000940                errno
 .bss.__lock___malloc_recursive_mutex
                0x20000944        0x1 d:/toolchain_supports/arm-gnu-toolchain-12.2.mpacbti-rel1-mingw-w64-i686-arm-none-eabi/bin/../lib/gcc/arm-none-eabi/12.2.1/thumb/v7-m/nofp\libg.a(libc_a-lock.o)
                0x20000944                __lock___malloc_recursive_mutex
 *fill*         0x20000945        0x3 
 .bss.__lock___atexit_recursive_mutex
                0x20000948        0x1 d:/toolchain_supports/arm-gnu-toolchain-12.2.mpacbti-rel1-mingw-w64-i686-arm-none-eabi/bin/../lib/gcc/arm-none-eabi/12.2.1/thumb/v7-m/nofp\libg.a(libc_a-lock.o)
                0x20000948                __lock___atexit_recursive_mutex
 *fill*         0x20000949        0x3 
 .bss.__lock___sfp_recursive_mutex
                0x2000094c        0x1 d:/toolchain_supports/arm-gnu-toolchain-12.2.mpacbti-rel1-mingw-w64-i686-arm-none-eabi/bin/../lib/gcc/arm-none-eabi/12.2.1/thumb/v7-m/nofp\libg.a(libc_a-lock.o)
                0x2000094c                __lock___sfp_recursive_mutex
 *fill*         0x2000094d        0x3 
 .bss.__atexit  0x20000950        0x4 d:/toolchain_supports/arm-gnu-toolchain-12.2.mpacbti-rel1-mingw-w64-i686-arm-none-eabi/bin/../lib/gcc/arm-none-eabi/12.2.1/thumb/v7-m/nofp\libg.a(libc_a-__call_atexit.o)
                0x20000950                __atexit
 .bss.__malloc_current_mallinfo
                0x20000954       0x28 d:/toolchain_supports/arm-gnu-toolchain-12.2.mpacbti-rel1-mingw-w64-i686-arm-none-eabi/bin/../lib/gcc/arm-none-eabi/12.2.1/thumb/v7-m/nofp\libg.a(libc_a-mallocr.o)
                0x20000954                __malloc_current_mallinfo
 .bss.__malloc_max_total_mem
                0x2000097c        0x4 d:/toolchain_supports/arm-gnu-toolchain-12.2.mpacbti-rel1-mingw-w64-i686-arm-none-eabi/bin/../lib/gcc/arm-none-eabi/12.2.1/thumb/v7-m/nofp\libg.a(libc_a-mallocr.o)
                0x2000097c                __malloc_max_total_mem
 .bss.__malloc_max_sbrked_mem
                0x20000980        0x4 d:/toolchain_supports/arm-gnu-toolchain-12.2.mpacbti-rel1-mingw-w64-i686-arm-none-eabi/bin/../lib/gcc/arm-none-eabi/12.2.1/thumb/v7-m/nofp\libg.a(libc_a-mallocr.o)
                0x20000980                __malloc_max_sbrked_mem
 .bss.__malloc_top_pad
                0x20000984        0x4 d:/toolchain_supports/arm-gnu-toolchain-12.2.mpacbti-rel1-mingw-w64-i686-arm-none-eabi/bin/../lib/gcc/arm-none-eabi/12.2.1/thumb/v7-m/nofp\libg.a(libc_a-mallocr.o)
                0x20000984                __malloc_top_pad
 .bss.__atexit0
                0x20000988      0x190 d:/toolchain_supports/arm-gnu-toolchain-12.2.mpacbti-rel1-mingw-w64-i686-arm-none-eabi/bin/../lib/gcc/arm-none-eabi/12.2.1/thumb/v7-m/nofp\libg.a(libc_a-__atexit.o)
                0x20000988                __atexit0
 *(COMMON)
                0x20000b18                        . = ALIGN (0x4)
                0x20000b18                        _ebss = .
                0x20000b18                        __bss_end__ = _ebss

._user_heap_stack
                0x20000b18      0x600 load address 0x08009c44
                0x20000b18                        . = ALIGN (0x8)
                [!provide]                        PROVIDE (end = .)
                0x20000b18                        PROVIDE (_end = .)
                0x20000d18                        . = (. + _Min_Heap_Size)
 *fill*         0x20000b18      0x200 
                0x20001118                        . = (. + _Min_Stack_Size)
 *fill*         0x20000d18      0x400 
                0x20001118                        . = ALIGN (0x8)

/DISCARD/
 libc.a(*)
 libm.a(*)
 libgcc.a(*)

.ARM.attributes
                0x00000000       0x29
 *(.ARM.attributes)
 .ARM.attributes
                0x00000000       0x1d d:/toolchain_supports/arm-gnu-toolchain-12.2.mpacbti-rel1-mingw-w64-i686-arm-none-eabi/bin/../lib/gcc/arm-none-eabi/12.2.1/thumb/v7-m/nofp/crti.o
 .ARM.attributes
                0x0000001d       0x2d d:/toolchain_supports/arm-gnu-toolchain-12.2.mpacbti-rel1-mingw-w64-i686-arm-none-eabi/bin/../lib/gcc/arm-none-eabi/12.2.1/thumb/v7-m/nofp/crtbegin.o
 .ARM.attributes
                0x0000004a       0x2d CMakeFiles/ADC_DMA.elf.dir/Core/Src/adc.c.obj
 .ARM.attributes
                0x00000077       0x2d CMakeFiles/ADC_DMA.elf.dir/Core/Src/dma.c.obj
 .ARM.attributes
                0x000000a4       0x2d CMakeFiles/ADC_DMA.elf.dir/Core/Src/gpio.c.obj
 .ARM.attributes
                0x000000d1       0x2d CMakeFiles/ADC_DMA.elf.dir/Core/Src/main.c.obj
 .ARM.attributes
                0x000000fe       0x2d CMakeFiles/ADC_DMA.elf.dir/Core/Src/stm32f1xx_hal_msp.c.obj
 .ARM.attributes
                0x0000012b       0x2d CMakeFiles/ADC_DMA.elf.dir/Core/Src/stm32f1xx_it.c.obj
 .ARM.attributes
                0x00000158       0x2d CMakeFiles/ADC_DMA.elf.dir/Core/Src/syscalls.c.obj
 .ARM.attributes
                0x00000185       0x2d CMakeFiles/ADC_DMA.elf.dir/Core/Src/sysmem.c.obj
 .ARM.attributes
                0x000001b2       0x2d CMakeFiles/ADC_DMA.elf.dir/Core/Src/system_stm32f1xx.c.obj
 .ARM.attributes
                0x000001df       0x2d CMakeFiles/ADC_DMA.elf.dir/Core/Src/tim.c.obj
 .ARM.attributes
                0x0000020c       0x2d CMakeFiles/ADC_DMA.elf.dir/Core/Src/usart.c.obj
 .ARM.attributes
                0x00000239       0x21 CMakeFiles/ADC_DMA.elf.dir/Core/Startup/startup_stm32f103c8tx.s.obj
 .ARM.attributes
                0x0000025a       0x2d CMakeFiles/ADC_DMA.elf.dir/Drivers/STM32F1xx_HAL_Driver/Src/stm32f1xx_hal.c.obj
 .ARM.attributes
                0x00000287       0x2d CMakeFiles/ADC_DMA.elf.dir/Drivers/STM32F1xx_HAL_Driver/Src/stm32f1xx_hal_adc.c.obj
 .ARM.attributes
                0x000002b4       0x2d CMakeFiles/ADC_DMA.elf.dir/Drivers/STM32F1xx_HAL_Driver/Src/stm32f1xx_hal_cortex.c.obj
 .ARM.attributes
                0x000002e1       0x2d CMakeFiles/ADC_DMA.elf.dir/Drivers/STM32F1xx_HAL_Driver/Src/stm32f1xx_hal_dma.c.obj
 .ARM.attributes
                0x0000030e       0x2d CMakeFiles/ADC_DMA.elf.dir/Drivers/STM32F1xx_HAL_Driver/Src/stm32f1xx_hal_gpio.c.obj
 .ARM.attributes
                0x0000033b       0x2d CMakeFiles/ADC_DMA.elf.dir/Drivers/STM32F1xx_HAL_Driver/Src/stm32f1xx_hal_rcc.c.obj
 .ARM.attributes
                0x00000368       0x2d CMakeFiles/ADC_DMA.elf.dir/Drivers/STM32F1xx_HAL_Driver/Src/stm32f1xx_hal_rcc_ex.c.obj
 .ARM.attributes
                0x00000395       0x2d CMakeFiles/ADC_DMA.elf.dir/Drivers/STM32F1xx_HAL_Driver/Src/stm32f1xx_hal_tim.c.obj
 .ARM.attributes
                0x000003c2       0x2d CMakeFiles/ADC_DMA.elf.dir/Drivers/STM32F1xx_HAL_Driver/Src/stm32f1xx_hal_tim_ex.c.obj
 .ARM.attributes
                0x000003ef       0x2d CMakeFiles/ADC_DMA.elf.dir/Drivers/STM32F1xx_HAL_Driver/Src/stm32f1xx_hal_uart.c.obj
 .ARM.attributes
                0x0000041c       0x1d d:/toolchain_supports/arm-gnu-toolchain-12.2.mpacbti-rel1-mingw-w64-i686-arm-none-eabi/bin/../lib/gcc/arm-none-eabi/12.2.1/thumb/v7-m/nofp\libgcc.a(_arm_addsubdf3.o)
 .ARM.attributes
                0x00000439       0x1d d:/toolchain_supports/arm-gnu-toolchain-12.2.mpacbti-rel1-mingw-w64-i686-arm-none-eabi/bin/../lib/gcc/arm-none-eabi/12.2.1/thumb/v7-m/nofp\libgcc.a(_arm_truncdfsf2.o)
 .ARM.attributes
                0x00000456       0x1d d:/toolchain_supports/arm-gnu-toolchain-12.2.mpacbti-rel1-mingw-w64-i686-arm-none-eabi/bin/../lib/gcc/arm-none-eabi/12.2.1/thumb/v7-m/nofp\libgcc.a(_arm_cmpsf2.o)
 .ARM.attributes
                0x00000473       0x2d d:/toolchain_supports/arm-gnu-toolchain-12.2.mpacbti-rel1-mingw-w64-i686-arm-none-eabi/bin/../lib/gcc/arm-none-eabi/12.2.1/thumb/v7-m/nofp\libg.a(libc_a-findfp.o)
 .ARM.attributes
                0x000004a0       0x2d d:/toolchain_supports/arm-gnu-toolchain-12.2.mpacbti-rel1-mingw-w64-i686-arm-none-eabi/bin/../lib/gcc/arm-none-eabi/12.2.1/thumb/v7-m/nofp\libg.a(libc_a-fwalk.o)
 .ARM.attributes
                0x000004cd       0x2d d:/toolchain_supports/arm-gnu-toolchain-12.2.mpacbti-rel1-mingw-w64-i686-arm-none-eabi/bin/../lib/gcc/arm-none-eabi/12.2.1/thumb/v7-m/nofp\libg.a(libc_a-printf.o)
 .ARM.attributes
                0x000004fa       0x2d d:/toolchain_supports/arm-gnu-toolchain-12.2.mpacbti-rel1-mingw-w64-i686-arm-none-eabi/bin/../lib/gcc/arm-none-eabi/12.2.1/thumb/v7-m/nofp\libg.a(libc_a-stdio.o)
 .ARM.attributes
                0x00000527       0x2d d:/toolchain_supports/arm-gnu-toolchain-12.2.mpacbti-rel1-mingw-w64-i686-arm-none-eabi/bin/../lib/gcc/arm-none-eabi/12.2.1/thumb/v7-m/nofp\libg.a(libc_a-memset.o)
 .ARM.attributes
                0x00000554       0x2d d:/toolchain_supports/arm-gnu-toolchain-12.2.mpacbti-rel1-mingw-w64-i686-arm-none-eabi/bin/../lib/gcc/arm-none-eabi/12.2.1/thumb/v7-m/nofp\libg.a(libc_a-closer.o)
 .ARM.attributes
                0x00000581       0x2d d:/toolchain_supports/arm-gnu-toolchain-12.2.mpacbti-rel1-mingw-w64-i686-arm-none-eabi/bin/../lib/gcc/arm-none-eabi/12.2.1/thumb/v7-m/nofp\libg.a(libc_a-reent.o)
 .ARM.attributes
                0x000005ae       0x2d d:/toolchain_supports/arm-gnu-toolchain-12.2.mpacbti-rel1-mingw-w64-i686-arm-none-eabi/bin/../lib/gcc/arm-none-eabi/12.2.1/thumb/v7-m/nofp\libg.a(libc_a-impure.o)
 .ARM.attributes
                0x000005db       0x2d d:/toolchain_supports/arm-gnu-toolchain-12.2.mpacbti-rel1-mingw-w64-i686-arm-none-eabi/bin/../lib/gcc/arm-none-eabi/12.2.1/thumb/v7-m/nofp\libg.a(libc_a-lseekr.o)
 .ARM.attributes
                0x00000608       0x2d d:/toolchain_supports/arm-gnu-toolchain-12.2.mpacbti-rel1-mingw-w64-i686-arm-none-eabi/bin/../lib/gcc/arm-none-eabi/12.2.1/thumb/v7-m/nofp\libg.a(libc_a-readr.o)
 .ARM.attributes
                0x00000635       0x2d d:/toolchain_supports/arm-gnu-toolchain-12.2.mpacbti-rel1-mingw-w64-i686-arm-none-eabi/bin/../lib/gcc/arm-none-eabi/12.2.1/thumb/v7-m/nofp\libg.a(libc_a-writer.o)
 .ARM.attributes
                0x00000662       0x2d d:/toolchain_supports/arm-gnu-toolchain-12.2.mpacbti-rel1-mingw-w64-i686-arm-none-eabi/bin/../lib/gcc/arm-none-eabi/12.2.1/thumb/v7-m/nofp\libg.a(libc_a-errno.o)
 .ARM.attributes
                0x0000068f       0x2d d:/toolchain_supports/arm-gnu-toolchain-12.2.mpacbti-rel1-mingw-w64-i686-arm-none-eabi/bin/../lib/gcc/arm-none-eabi/12.2.1/thumb/v7-m/nofp\libg.a(libc_a-init.o)
 .ARM.attributes
                0x000006bc       0x2d d:/toolchain_supports/arm-gnu-toolchain-12.2.mpacbti-rel1-mingw-w64-i686-arm-none-eabi/bin/../lib/gcc/arm-none-eabi/12.2.1/thumb/v7-m/nofp\libg.a(libc_a-lock.o)
 .ARM.attributes
                0x000006e9       0x2d d:/toolchain_supports/arm-gnu-toolchain-12.2.mpacbti-rel1-mingw-w64-i686-arm-none-eabi/bin/../lib/gcc/arm-none-eabi/12.2.1/thumb/v7-m/nofp\libg.a(libc_a-__call_atexit.o)
 .ARM.attributes
                0x00000716       0x2d d:/toolchain_supports/arm-gnu-toolchain-12.2.mpacbti-rel1-mingw-w64-i686-arm-none-eabi/bin/../lib/gcc/arm-none-eabi/12.2.1/thumb/v7-m/nofp\libg.a(libc_a-atexit.o)
 .ARM.attributes
                0x00000743       0x2d d:/toolchain_supports/arm-gnu-toolchain-12.2.mpacbti-rel1-mingw-w64-i686-arm-none-eabi/bin/../lib/gcc/arm-none-eabi/12.2.1/thumb/v7-m/nofp\libg.a(libc_a-freer.o)
 .ARM.attributes
                0x00000770       0x2d d:/toolchain_supports/arm-gnu-toolchain-12.2.mpacbti-rel1-mingw-w64-i686-arm-none-eabi/bin/../lib/gcc/arm-none-eabi/12.2.1/thumb/v7-m/nofp\libg.a(libc_a-mallocr.o)
 .ARM.attributes
                0x0000079d       0x2d d:/toolchain_supports/arm-gnu-toolchain-12.2.mpacbti-rel1-mingw-w64-i686-arm-none-eabi/bin/../lib/gcc/arm-none-eabi/12.2.1/thumb/v7-m/nofp\libg.a(libc_a-mlock.o)
 .ARM.attributes
                0x000007ca       0x2d d:/toolchain_supports/arm-gnu-toolchain-12.2.mpacbti-rel1-mingw-w64-i686-arm-none-eabi/bin/../lib/gcc/arm-none-eabi/12.2.1/thumb/v7-m/nofp\libg.a(libc_a-vfprintf.o)
 .ARM.attributes
                0x000007f7       0x2d d:/toolchain_supports/arm-gnu-toolchain-12.2.mpacbti-rel1-mingw-w64-i686-arm-none-eabi/bin/../lib/gcc/arm-none-eabi/12.2.1/thumb/v7-m/nofp\libg.a(libc_a-vfiprintf.o)
 .ARM.attributes
                0x00000824       0x2d d:/toolchain_supports/arm-gnu-toolchain-12.2.mpacbti-rel1-mingw-w64-i686-arm-none-eabi/bin/../lib/gcc/arm-none-eabi/12.2.1/thumb/v7-m/nofp\libg.a(libc_a-fclose.o)
 .ARM.attributes
                0x00000851       0x2d d:/toolchain_supports/arm-gnu-toolchain-12.2.mpacbti-rel1-mingw-w64-i686-arm-none-eabi/bin/../lib/gcc/arm-none-eabi/12.2.1/thumb/v7-m/nofp\libg.a(libc_a-fflush.o)
 .ARM.attributes
                0x0000087e       0x2d d:/toolchain_supports/arm-gnu-toolchain-12.2.mpacbti-rel1-mingw-w64-i686-arm-none-eabi/bin/../lib/gcc/arm-none-eabi/12.2.1/thumb/v7-m/nofp\libg.a(libc_a-fvwrite.o)
 .ARM.attributes
                0x000008ab       0x2d d:/toolchain_supports/arm-gnu-toolchain-12.2.mpacbti-rel1-mingw-w64-i686-arm-none-eabi/bin/../lib/gcc/arm-none-eabi/12.2.1/thumb/v7-m/nofp\libg.a(libc_a-wsetup.o)
 .ARM.attributes
                0x000008d8       0x2d d:/toolchain_supports/arm-gnu-toolchain-12.2.mpacbti-rel1-mingw-w64-i686-arm-none-eabi/bin/../lib/gcc/arm-none-eabi/12.2.1/thumb/v7-m/nofp\libg.a(libc_a-fputwc.o)
 .ARM.attributes
                0x00000905       0x2d d:/toolchain_supports/arm-gnu-toolchain-12.2.mpacbti-rel1-mingw-w64-i686-arm-none-eabi/bin/../lib/gcc/arm-none-eabi/12.2.1/thumb/v7-m/nofp\libg.a(libc_a-memmove.o)
 .ARM.attributes
                0x00000932       0x2d d:/toolchain_supports/arm-gnu-toolchain-12.2.mpacbti-rel1-mingw-w64-i686-arm-none-eabi/bin/../lib/gcc/arm-none-eabi/12.2.1/thumb/v7-m/nofp\libg.a(libc_a-strncpy.o)
 .ARM.attributes
                0x0000095f       0x2d d:/toolchain_supports/arm-gnu-toolchain-12.2.mpacbti-rel1-mingw-w64-i686-arm-none-eabi/bin/../lib/gcc/arm-none-eabi/12.2.1/thumb/v7-m/nofp\libg.a(libc_a-locale.o)
 .ARM.attributes
                0x0000098c       0x2d d:/toolchain_supports/arm-gnu-toolchain-12.2.mpacbti-rel1-mingw-w64-i686-arm-none-eabi/bin/../lib/gcc/arm-none-eabi/12.2.1/thumb/v7-m/nofp\libg.a(libc_a-localeconv.o)
 .ARM.attributes
                0x000009b9       0x2d d:/toolchain_supports/arm-gnu-toolchain-12.2.mpacbti-rel1-mingw-w64-i686-arm-none-eabi/bin/../lib/gcc/arm-none-eabi/12.2.1/thumb/v7-m/nofp\libg.a(libc_a-sbrkr.o)
 .ARM.attributes
                0x000009e6       0x2d d:/toolchain_supports/arm-gnu-toolchain-12.2.mpacbti-rel1-mingw-w64-i686-arm-none-eabi/bin/../lib/gcc/arm-none-eabi/12.2.1/thumb/v7-m/nofp\libg.a(libc_a-fini.o)
 .ARM.attributes
                0x00000a13       0x2d d:/toolchain_supports/arm-gnu-toolchain-12.2.mpacbti-rel1-mingw-w64-i686-arm-none-eabi/bin/../lib/gcc/arm-none-eabi/12.2.1/thumb/v7-m/nofp\libg.a(libc_a-sysconf.o)
 .ARM.attributes
                0x00000a40       0x2d d:/toolchain_supports/arm-gnu-toolchain-12.2.mpacbti-rel1-mingw-w64-i686-arm-none-eabi/bin/../lib/gcc/arm-none-eabi/12.2.1/thumb/v7-m/nofp\libg.a(libc_a-memchr-stub.o)
 .ARM.attributes
                0x00000a6d       0x1b d:/toolchain_supports/arm-gnu-toolchain-12.2.mpacbti-rel1-mingw-w64-i686-arm-none-eabi/bin/../lib/gcc/arm-none-eabi/12.2.1/thumb/v7-m/nofp\libg.a(libc_a-memcpy.o)
 .ARM.attributes
                0x00000a88       0x2d d:/toolchain_supports/arm-gnu-toolchain-12.2.mpacbti-rel1-mingw-w64-i686-arm-none-eabi/bin/../lib/gcc/arm-none-eabi/12.2.1/thumb/v7-m/nofp\libg.a(libc_a-strlen-stub.o)
 .ARM.attributes
                0x00000ab5       0x2d d:/toolchain_supports/arm-gnu-toolchain-12.2.mpacbti-rel1-mingw-w64-i686-arm-none-eabi/bin/../lib/gcc/arm-none-eabi/12.2.1/thumb/v7-m/nofp\libg.a(libm_a-s_frexp.o)
 .ARM.attributes
                0x00000ae2       0x2d d:/toolchain_supports/arm-gnu-toolchain-12.2.mpacbti-rel1-mingw-w64-i686-arm-none-eabi/bin/../lib/gcc/arm-none-eabi/12.2.1/thumb/v7-m/nofp\libg.a(libc_a-__atexit.o)
 .ARM.attributes
                0x00000b0f       0x2d d:/toolchain_supports/arm-gnu-toolchain-12.2.mpacbti-rel1-mingw-w64-i686-arm-none-eabi/bin/../lib/gcc/arm-none-eabi/12.2.1/thumb/v7-m/nofp\libg.a(libc_a-dtoa.o)
 .ARM.attributes
                0x00000b3c       0x2d d:/toolchain_supports/arm-gnu-toolchain-12.2.mpacbti-rel1-mingw-w64-i686-arm-none-eabi/bin/../lib/gcc/arm-none-eabi/12.2.1/thumb/v7-m/nofp\libg.a(libc_a-mbtowc_r.o)
 .ARM.attributes
                0x00000b69       0x2d d:/toolchain_supports/arm-gnu-toolchain-12.2.mpacbti-rel1-mingw-w64-i686-arm-none-eabi/bin/../lib/gcc/arm-none-eabi/12.2.1/thumb/v7-m/nofp\libg.a(libc_a-mprec.o)
 .ARM.attributes
                0x00000b96       0x2d d:/toolchain_supports/arm-gnu-toolchain-12.2.mpacbti-rel1-mingw-w64-i686-arm-none-eabi/bin/../lib/gcc/arm-none-eabi/12.2.1/thumb/v7-m/nofp\libg.a(libc_a-reallocr.o)
 .ARM.attributes
                0x00000bc3       0x2d d:/toolchain_supports/arm-gnu-toolchain-12.2.mpacbti-rel1-mingw-w64-i686-arm-none-eabi/bin/../lib/gcc/arm-none-eabi/12.2.1/thumb/v7-m/nofp\libg.a(libc_a-wctomb_r.o)
 .ARM.attributes
                0x00000bf0       0x2d d:/toolchain_supports/arm-gnu-toolchain-12.2.mpacbti-rel1-mingw-w64-i686-arm-none-eabi/bin/../lib/gcc/arm-none-eabi/12.2.1/thumb/v7-m/nofp\libg.a(libc_a-wcrtomb.o)
 .ARM.attributes
                0x00000c1d       0x2d d:/toolchain_supports/arm-gnu-toolchain-12.2.mpacbti-rel1-mingw-w64-i686-arm-none-eabi/bin/../lib/gcc/arm-none-eabi/12.2.1/thumb/v7-m/nofp\libg.a(libc_a-wcsrtombs.o)
 .ARM.attributes
                0x00000c4a       0x2d d:/toolchain_supports/arm-gnu-toolchain-12.2.mpacbti-rel1-mingw-w64-i686-arm-none-eabi/bin/../lib/gcc/arm-none-eabi/12.2.1/thumb/v7-m/nofp\libg.a(libc_a-ctype_.o)
 .ARM.attributes
                0x00000c77       0x2d d:/toolchain_supports/arm-gnu-toolchain-12.2.mpacbti-rel1-mingw-w64-i686-arm-none-eabi/bin/../lib/gcc/arm-none-eabi/12.2.1/thumb/v7-m/nofp\libg.a(libc_a-makebuf.o)
 .ARM.attributes
                0x00000ca4       0x2d d:/toolchain_supports/arm-gnu-toolchain-12.2.mpacbti-rel1-mingw-w64-i686-arm-none-eabi/bin/../lib/gcc/arm-none-eabi/12.2.1/thumb/v7-m/nofp\libg.a(libc_a-wbuf.o)
 .ARM.attributes
                0x00000cd1       0x2d d:/toolchain_supports/arm-gnu-toolchain-12.2.mpacbti-rel1-mingw-w64-i686-arm-none-eabi/bin/../lib/gcc/arm-none-eabi/12.2.1/thumb/v7-m/nofp\libg.a(libc_a-fstatr.o)
 .ARM.attributes
                0x00000cfe       0x2d d:/toolchain_supports/arm-gnu-toolchain-12.2.mpacbti-rel1-mingw-w64-i686-arm-none-eabi/bin/../lib/gcc/arm-none-eabi/12.2.1/thumb/v7-m/nofp\libg.a(libc_a-isattyr.o)
 .ARM.attributes
                0x00000d2b       0x2d d:/toolchain_supports/arm-gnu-toolchain-12.2.mpacbti-rel1-mingw-w64-i686-arm-none-eabi/bin/../lib/gcc/arm-none-eabi/12.2.1/thumb/v7-m/nofp\libg.a(libc_a-assert.o)
 .ARM.attributes
                0x00000d58       0x2d d:/toolchain_supports/arm-gnu-toolchain-12.2.mpacbti-rel1-mingw-w64-i686-arm-none-eabi/bin/../lib/gcc/arm-none-eabi/12.2.1/thumb/v7-m/nofp\libg.a(libc_a-callocr.o)
 .ARM.attributes
                0x00000d85       0x2d d:/toolchain_supports/arm-gnu-toolchain-12.2.mpacbti-rel1-mingw-w64-i686-arm-none-eabi/bin/../lib/gcc/arm-none-eabi/12.2.1/thumb/v7-m/nofp\libg.a(libc_a-wcsnrtombs.o)
 .ARM.attributes
                0x00000db2       0x2d d:/toolchain_supports/arm-gnu-toolchain-12.2.mpacbti-rel1-mingw-w64-i686-arm-none-eabi/bin/../lib/gcc/arm-none-eabi/12.2.1/thumb/v7-m/nofp\libg.a(libc_a-fiprintf.o)
 .ARM.attributes
                0x00000ddf       0x2d d:/toolchain_supports/arm-gnu-toolchain-12.2.mpacbti-rel1-mingw-w64-i686-arm-none-eabi/bin/../lib/gcc/arm-none-eabi/12.2.1/thumb/v7-m/nofp\libg.a(libc_a-abort.o)
 .ARM.attributes
                0x00000e0c       0x2d d:/toolchain_supports/arm-gnu-toolchain-12.2.mpacbti-rel1-mingw-w64-i686-arm-none-eabi/bin/../lib/gcc/arm-none-eabi/12.2.1/thumb/v7-m/nofp\libg.a(libc_a-signal.o)
 .ARM.attributes
                0x00000e39       0x2d d:/toolchain_supports/arm-gnu-toolchain-12.2.mpacbti-rel1-mingw-w64-i686-arm-none-eabi/bin/../lib/gcc/arm-none-eabi/12.2.1/thumb/v7-m/nofp\libg.a(libc_a-signalr.o)
 .ARM.attributes
                0x00000e66       0x1d d:/toolchain_supports/arm-gnu-toolchain-12.2.mpacbti-rel1-mingw-w64-i686-arm-none-eabi/bin/../lib/gcc/arm-none-eabi/12.2.1/thumb/v7-m/nofp\libgcc.a(_arm_muldivdf3.o)
 .ARM.attributes
                0x00000e83       0x1d d:/toolchain_supports/arm-gnu-toolchain-12.2.mpacbti-rel1-mingw-w64-i686-arm-none-eabi/bin/../lib/gcc/arm-none-eabi/12.2.1/thumb/v7-m/nofp\libgcc.a(_arm_cmpdf2.o)
 .ARM.attributes
                0x00000ea0       0x1d d:/toolchain_supports/arm-gnu-toolchain-12.2.mpacbti-rel1-mingw-w64-i686-arm-none-eabi/bin/../lib/gcc/arm-none-eabi/12.2.1/thumb/v7-m/nofp\libgcc.a(_arm_unorddf2.o)
 .ARM.attributes
                0x00000ebd       0x1d d:/toolchain_supports/arm-gnu-toolchain-12.2.mpacbti-rel1-mingw-w64-i686-arm-none-eabi/bin/../lib/gcc/arm-none-eabi/12.2.1/thumb/v7-m/nofp\libgcc.a(_arm_fixdfsi.o)
 .ARM.attributes
                0x00000eda       0x2d d:/toolchain_supports/arm-gnu-toolchain-12.2.mpacbti-rel1-mingw-w64-i686-arm-none-eabi/bin/../lib/gcc/arm-none-eabi/12.2.1/thumb/v7-m/nofp/crtend.o
 .ARM.attributes
                0x00000f07       0x1d d:/toolchain_supports/arm-gnu-toolchain-12.2.mpacbti-rel1-mingw-w64-i686-arm-none-eabi/bin/../lib/gcc/arm-none-eabi/12.2.1/thumb/v7-m/nofp/crtn.o
OUTPUT(ADC_DMA.elf elf32-littlearm)
LOAD linker stubs
LOAD d:/toolchain_supports/arm-gnu-toolchain-12.2.mpacbti-rel1-mingw-w64-i686-arm-none-eabi/bin/../lib/gcc/arm-none-eabi/12.2.1/thumb/v7-m/nofp\libc.a
LOAD d:/toolchain_supports/arm-gnu-toolchain-12.2.mpacbti-rel1-mingw-w64-i686-arm-none-eabi/bin/../lib/gcc/arm-none-eabi/12.2.1/thumb/v7-m/nofp\libm.a
LOAD d:/toolchain_supports/arm-gnu-toolchain-12.2.mpacbti-rel1-mingw-w64-i686-arm-none-eabi/bin/../lib/gcc/arm-none-eabi/12.2.1/thumb/v7-m/nofp\libgcc.a

.debug_info     0x00000000    0x11dcf
 .debug_info    0x00000000      0x8fb CMakeFiles/ADC_DMA.elf.dir/Core/Src/adc.c.obj
 .debug_info    0x000008fb      0x2fb CMakeFiles/ADC_DMA.elf.dir/Core/Src/dma.c.obj
 .debug_info    0x00000bf6      0x2d0 CMakeFiles/ADC_DMA.elf.dir/Core/Src/gpio.c.obj
 .debug_info    0x00000ec6     0x1326 CMakeFiles/ADC_DMA.elf.dir/Core/Src/main.c.obj
 .debug_info    0x000021ec      0x1f4 CMakeFiles/ADC_DMA.elf.dir/Core/Src/stm32f1xx_hal_msp.c.obj
 .debug_info    0x000023e0      0x6f0 CMakeFiles/ADC_DMA.elf.dir/Core/Src/stm32f1xx_it.c.obj
 .debug_info    0x00002ad0      0x783 CMakeFiles/ADC_DMA.elf.dir/Core/Src/syscalls.c.obj
 .debug_info    0x00003253      0x171 CMakeFiles/ADC_DMA.elf.dir/Core/Src/sysmem.c.obj
 .debug_info    0x000033c4      0x22d CMakeFiles/ADC_DMA.elf.dir/Core/Src/system_stm32f1xx.c.obj
 .debug_info    0x000035f1      0xa6c CMakeFiles/ADC_DMA.elf.dir/Core/Src/tim.c.obj
 .debug_info    0x0000405d      0x80d CMakeFiles/ADC_DMA.elf.dir/Core/Src/usart.c.obj
 .debug_info    0x0000486a       0x30 CMakeFiles/ADC_DMA.elf.dir/Core/Startup/startup_stm32f103c8tx.s.obj
 .debug_info    0x0000489a      0x7a2 CMakeFiles/ADC_DMA.elf.dir/Drivers/STM32F1xx_HAL_Driver/Src/stm32f1xx_hal.c.obj
 .debug_info    0x0000503c      0xed9 CMakeFiles/ADC_DMA.elf.dir/Drivers/STM32F1xx_HAL_Driver/Src/stm32f1xx_hal_adc.c.obj
 .debug_info    0x00005f15      0xcad CMakeFiles/ADC_DMA.elf.dir/Drivers/STM32F1xx_HAL_Driver/Src/stm32f1xx_hal_cortex.c.obj
 .debug_info    0x00006bc2      0x7da CMakeFiles/ADC_DMA.elf.dir/Drivers/STM32F1xx_HAL_Driver/Src/stm32f1xx_hal_dma.c.obj
 .debug_info    0x0000739c      0x604 CMakeFiles/ADC_DMA.elf.dir/Drivers/STM32F1xx_HAL_Driver/Src/stm32f1xx_hal_gpio.c.obj
 .debug_info    0x000079a0      0x9c7 CMakeFiles/ADC_DMA.elf.dir/Drivers/STM32F1xx_HAL_Driver/Src/stm32f1xx_hal_rcc.c.obj
 .debug_info    0x00008367      0x420 CMakeFiles/ADC_DMA.elf.dir/Drivers/STM32F1xx_HAL_Driver/Src/stm32f1xx_hal_rcc_ex.c.obj
 .debug_info    0x00008787     0x3b74 CMakeFiles/ADC_DMA.elf.dir/Drivers/STM32F1xx_HAL_Driver/Src/stm32f1xx_hal_tim.c.obj
 .debug_info    0x0000c2fb     0x1a88 CMakeFiles/ADC_DMA.elf.dir/Drivers/STM32F1xx_HAL_Driver/Src/stm32f1xx_hal_tim_ex.c.obj
 .debug_info    0x0000dd83     0x404c CMakeFiles/ADC_DMA.elf.dir/Drivers/STM32F1xx_HAL_Driver/Src/stm32f1xx_hal_uart.c.obj

.debug_abbrev   0x00000000     0x2b23
 .debug_abbrev  0x00000000      0x207 CMakeFiles/ADC_DMA.elf.dir/Core/Src/adc.c.obj
 .debug_abbrev  0x00000207      0x119 CMakeFiles/ADC_DMA.elf.dir/Core/Src/dma.c.obj
 .debug_abbrev  0x00000320      0x151 CMakeFiles/ADC_DMA.elf.dir/Core/Src/gpio.c.obj
 .debug_abbrev  0x00000471      0x342 CMakeFiles/ADC_DMA.elf.dir/Core/Src/main.c.obj
 .debug_abbrev  0x000007b3       0xed CMakeFiles/ADC_DMA.elf.dir/Core/Src/stm32f1xx_hal_msp.c.obj
 .debug_abbrev  0x000008a0      0x19d CMakeFiles/ADC_DMA.elf.dir/Core/Src/stm32f1xx_it.c.obj
 .debug_abbrev  0x00000a3d      0x1c1 CMakeFiles/ADC_DMA.elf.dir/Core/Src/syscalls.c.obj
 .debug_abbrev  0x00000bfe       0xea CMakeFiles/ADC_DMA.elf.dir/Core/Src/sysmem.c.obj
 .debug_abbrev  0x00000ce8      0x143 CMakeFiles/ADC_DMA.elf.dir/Core/Src/system_stm32f1xx.c.obj
 .debug_abbrev  0x00000e2b      0x237 CMakeFiles/ADC_DMA.elf.dir/Core/Src/tim.c.obj
 .debug_abbrev  0x00001062      0x204 CMakeFiles/ADC_DMA.elf.dir/Core/Src/usart.c.obj